Component: ARM Compiler 5.06 update 5 (build 528) Tool: armlink [4d35e2]

==============================================================================

Section Cross References

    startup_stm32f10x_md.o(RESET) refers to startup_stm32f10x_md.o(STACK) for __initial_sp
    startup_stm32f10x_md.o(RESET) refers to startup_stm32f10x_md.o(.text) for Reset_Handler
    startup_stm32f10x_md.o(RESET) refers to stm32f10x_it.o(i.NMI_Handler) for NMI_Handler
    startup_stm32f10x_md.o(RESET) refers to stm32f10x_it.o(i.HardFault_Handler) for HardFault_Handler
    startup_stm32f10x_md.o(RESET) refers to stm32f10x_it.o(i.MemManage_Handler) for MemManage_Handler
    startup_stm32f10x_md.o(RESET) refers to stm32f10x_it.o(i.BusFault_Handler) for BusFault_Handler
    startup_stm32f10x_md.o(RESET) refers to stm32f10x_it.o(i.UsageFault_Handler) for UsageFault_Handler
    startup_stm32f10x_md.o(RESET) refers to stm32f10x_it.o(i.SVC_Handler) for SVC_Handler
    startup_stm32f10x_md.o(RESET) refers to stm32f10x_it.o(i.DebugMon_Handler) for DebugMon_Handler
    startup_stm32f10x_md.o(RESET) refers to stm32f10x_it.o(i.PendSV_Handler) for PendSV_Handler
    startup_stm32f10x_md.o(RESET) refers to delay.o(i.SysTick_Handler) for SysTick_Handler
    startup_stm32f10x_md.o(RESET) refers to serial.o(i.USART1_IRQHandler) for USART1_IRQHandler
    startup_stm32f10x_md.o(RESET) refers to esp8266.o(i.USART2_IRQHandler) for USART2_IRQHandler
    startup_stm32f10x_md.o(.text) refers to system_stm32f10x.o(i.SystemInit) for SystemInit
    startup_stm32f10x_md.o(.text) refers to entry.o(.ARM.Collect$$$$00000000) for __main
    system_stm32f10x.o(i.SetSysClock) refers to system_stm32f10x.o(i.SetSysClockTo72) for SetSysClockTo72
    system_stm32f10x.o(i.SystemCoreClockUpdate) refers to system_stm32f10x.o(.data) for SystemCoreClock
    system_stm32f10x.o(i.SystemInit) refers to system_stm32f10x.o(i.SetSysClock) for SetSysClock
    stm32f10x_adc.o(i.ADC_DeInit) refers to stm32f10x_rcc.o(i.RCC_APB2PeriphResetCmd) for RCC_APB2PeriphResetCmd
    stm32f10x_bkp.o(i.BKP_DeInit) refers to stm32f10x_rcc.o(i.RCC_BackupResetCmd) for RCC_BackupResetCmd
    stm32f10x_can.o(i.CAN_DeInit) refers to stm32f10x_rcc.o(i.RCC_APB1PeriphResetCmd) for RCC_APB1PeriphResetCmd
    stm32f10x_can.o(i.CAN_GetITStatus) refers to stm32f10x_can.o(i.CheckITStatus) for CheckITStatus
    stm32f10x_cec.o(i.CEC_DeInit) refers to stm32f10x_rcc.o(i.RCC_APB1PeriphResetCmd) for RCC_APB1PeriphResetCmd
    stm32f10x_dac.o(i.DAC_DeInit) refers to stm32f10x_rcc.o(i.RCC_APB1PeriphResetCmd) for RCC_APB1PeriphResetCmd
    stm32f10x_flash.o(i.FLASH_EnableWriteProtection) refers to stm32f10x_flash.o(i.FLASH_WaitForLastOperation) for FLASH_WaitForLastOperation
    stm32f10x_flash.o(i.FLASH_EraseAllBank1Pages) refers to stm32f10x_flash.o(i.FLASH_WaitForLastBank1Operation) for FLASH_WaitForLastBank1Operation
    stm32f10x_flash.o(i.FLASH_EraseAllPages) refers to stm32f10x_flash.o(i.FLASH_WaitForLastOperation) for FLASH_WaitForLastOperation
    stm32f10x_flash.o(i.FLASH_EraseOptionBytes) refers to stm32f10x_flash.o(i.FLASH_GetReadOutProtectionStatus) for FLASH_GetReadOutProtectionStatus
    stm32f10x_flash.o(i.FLASH_EraseOptionBytes) refers to stm32f10x_flash.o(i.FLASH_WaitForLastOperation) for FLASH_WaitForLastOperation
    stm32f10x_flash.o(i.FLASH_ErasePage) refers to stm32f10x_flash.o(i.FLASH_WaitForLastOperation) for FLASH_WaitForLastOperation
    stm32f10x_flash.o(i.FLASH_ProgramHalfWord) refers to stm32f10x_flash.o(i.FLASH_WaitForLastOperation) for FLASH_WaitForLastOperation
    stm32f10x_flash.o(i.FLASH_ProgramOptionByteData) refers to stm32f10x_flash.o(i.FLASH_WaitForLastOperation) for FLASH_WaitForLastOperation
    stm32f10x_flash.o(i.FLASH_ProgramWord) refers to stm32f10x_flash.o(i.FLASH_WaitForLastOperation) for FLASH_WaitForLastOperation
    stm32f10x_flash.o(i.FLASH_ReadOutProtection) refers to stm32f10x_flash.o(i.FLASH_WaitForLastOperation) for FLASH_WaitForLastOperation
    stm32f10x_flash.o(i.FLASH_UserOptionByteConfig) refers to stm32f10x_flash.o(i.FLASH_WaitForLastOperation) for FLASH_WaitForLastOperation
    stm32f10x_flash.o(i.FLASH_WaitForLastBank1Operation) refers to stm32f10x_flash.o(i.FLASH_GetBank1Status) for FLASH_GetBank1Status
    stm32f10x_flash.o(i.FLASH_WaitForLastOperation) refers to stm32f10x_flash.o(i.FLASH_GetBank1Status) for FLASH_GetBank1Status
    stm32f10x_gpio.o(i.GPIO_AFIODeInit) refers to stm32f10x_rcc.o(i.RCC_APB2PeriphResetCmd) for RCC_APB2PeriphResetCmd
    stm32f10x_gpio.o(i.GPIO_DeInit) refers to stm32f10x_rcc.o(i.RCC_APB2PeriphResetCmd) for RCC_APB2PeriphResetCmd
    stm32f10x_i2c.o(i.I2C_DeInit) refers to stm32f10x_rcc.o(i.RCC_APB1PeriphResetCmd) for RCC_APB1PeriphResetCmd
    stm32f10x_i2c.o(i.I2C_Init) refers to stm32f10x_rcc.o(i.RCC_GetClocksFreq) for RCC_GetClocksFreq
    stm32f10x_pwr.o(i.PWR_DeInit) refers to stm32f10x_rcc.o(i.RCC_APB1PeriphResetCmd) for RCC_APB1PeriphResetCmd
[...]
    i.Serial_SendString                      0x08004192   Section        0  serial.o(i.Serial_SendString)
    i.SetSysClock                            0x080041ac   Section        0  system_stm32f10x.o(i.SetSysClock)
    SetSysClock                              0x080041ad   Thumb Code     8  system_stm32f10x.o(i.SetSysClock)
    i.SetSysClockTo72                        0x080041b4   Section        0  system_stm32f10x.o(i.SetSysClockTo72)
    SetSysClockTo72                          0x080041b5   Thumb Code   214  system_stm32f10x.o(i.SetSysClockTo72)
    i.SimpleDrawTempCurve                    0x08004294   Section        0  initialization.o(i.SimpleDrawTempCurve)
    i.Single_Write_BH1750                    0x08004344   Section        0  bh1750.o(i.Single_Write_BH1750)
    i.Soil_Low_set                           0x08004360   Section        0  menu.o(i.Soil_Low_set)
    i.Soil_Threshold                         0x080044f8   Section        0  menu.o(i.Soil_Threshold)
    i.Soil_Up_set                            0x080046a8   Section        0  menu.o(i.Soil_Up_set)
    i.SysTick_Handler                        0x0800483c   Section        0  delay.o(i.SysTick_Handler)
    i.SystemInit                             0x08004844   Section        0  system_stm32f10x.o(i.SystemInit)
    i.Task_Add                               0x080048a4   Section        0  task.o(i.Task_Add)
    i.Task_Init                              0x0800491c   Section        0  task.o(i.Task_Init)
    i.Task_Initialization                    0x08004948   Section        0  initialization.o(i.Task_Initialization)
    i.Task_RunScheduler                      0x08004a90   Section        0  task.o(i.Task_RunScheduler)
    i.Task_UpdateTick                        0x08004b70   Section        0  task.o(i.Task_UpdateTick)
    i.Temperature_Low_set                    0x08004c20   Section        0  menu.o(i.Temperature_Low_set)
    i.Temperature_Threshold                  0x08004df8   Section        0  menu.o(i.Temperature_Threshold)
    i.Temperature_Up_set                     0x08004fb8   Section        0  menu.o(i.Temperature_Up_set)
    i.Test_ESP8266                           0x08005190   Section        0  initialization.o(i.Test_ESP8266)
    i.USART1_IRQHandler                      0x08005334   Section        0  serial.o(i.USART1_IRQHandler)
    i.USART2_IRQHandler                      0x080053d4   Section        0  esp8266.o(i.USART2_IRQHandler)
    i.USART2_SendByte                        0x08005454   Section        0  esp8266.o(i.USART2_SendByte)
    i.USART_ClearITPendingBit                0x08005474   Section        0  stm32f10x_usart.o(i.USART_ClearITPendingBit)
    i.USART_Cmd                              0x08005492   Section        0  stm32f10x_usart.o(i.USART_Cmd)
    i.USART_GetFlagStatus                    0x080054aa   Section        0  stm32f10x_usart.o(i.USART_GetFlagStatus)
    i.USART_GetITStatus                      0x080054c4   Section        0  stm32f10x_usart.o(i.USART_GetITStatus)
    i.USART_ITConfig                         0x08005518   Section        0  stm32f10x_usart.o(i.USART_ITConfig)
    i.USART_Init                             0x08005564   Section        0  stm32f10x_usart.o(i.USART_Init)
    i.USART_ReceiveData                      0x0800563c   Section        0  stm32f10x_usart.o(i.USART_ReceiveData)
    i.USART_SendData                         0x08005646   Section        0  stm32f10x_usart.o(i.USART_SendData)
    i.Update_TempHuim_Display                0x08005650   Section        0  initialization.o(i.Update_TempHuim_Display)
    i.UsageFault_Handler                     0x080057ac   Section        0  stm32f10x_it.o(i.UsageFault_Handler)
    i.WIFI_GET_TIME                          0x080057b0   Section        0  esp8266.o(i.WIFI_GET_TIME)
    i.WIFI_Init                              0x080057f0   Section        0  initialization.o(i.WIFI_Init)
    i.WifiSendStr                            0x08005834   Section        0  esp8266.o(i.WifiSendStr)
    i.__0snprintf                            0x0800584c   Section        0  printfa.o(i.__0snprintf)
    i.__0sprintf                             0x0800587c   Section        0  printfa.o(i.__0sprintf)
    i.__aeabi_errno_addr                     0x080058a4   Section        0  errno.o(i.__aeabi_errno_addr)
    i.__read_errno                           0x080058ac   Section        0  errno.o(i.__read_errno)
    i.__scatterload_copy                     0x080058b8   Section       14  handlers.o(i.__scatterload_copy)
    i.__scatterload_null                     0x080058c6   Section        2  handlers.o(i.__scatterload_null)
    i.__scatterload_zeroinit                 0x080058c8   Section       14  handlers.o(i.__scatterload_zeroinit)
    i.__set_errno                            0x080058d8   Section        0  errno.o(i.__set_errno)
    i._fp_digits                             0x080058e4   Section        0  printfa.o(i._fp_digits)
    _fp_digits                               0x080058e5   Thumb Code   366  printfa.o(i._fp_digits)
    i._is_digit                              0x08005a68   Section        0  scanf_fp.o(i._is_digit)
    i._printf_core                           0x08005a78   Section        0  printfa.o(i._printf_core)
    _printf_core                             0x08005a79   Thumb Code  1744  printfa.o(i._printf_core)
    i._printf_post_padding                   0x08006154   Section        0  printfa.o(i._printf_post_padding)
    _printf_post_padding                     0x08006155   Thumb Code    36  printfa.o(i._printf_post_padding)
    i._printf_pre_padding                    0x08006178   Section        0  printfa.o(i._printf_pre_padding)
    _printf_pre_padding                      0x08006179   Thumb Code    46  printfa.o(i._printf_pre_padding)
    i._snputc                                0x080061a6   Section        0  printfa.o(i._snputc)
    _snputc                                  0x080061a7   Thumb Code    22  printfa.o(i._snputc)
    i._sputc                                 0x080061bc   Section        0  printfa.o(i._sputc)
    _sputc                                   0x080061bd   Thumb Code    10  printfa.o(i._sputc)
    i.atof                                   0x080061c6   Section        0  atof.o(i.atof)
    i.charToDigit                            0x080061f0   Section        0  esp8266.o(i.charToDigit)
    i.main                                   0x08006208   Section        0  main.o(i.main)
    i.menu2                                  0x080063e8   Section        0  menu.o(i.menu2)
    i.mread                                  0x08006584   Section        0  bh1750.o(i.mread)
    i.parse2Digit                            0x080065c8   Section        0  esp8266.o(i.parse2Digit)
    i.parse4Digit                            0x080065e6   Section        0  esp8266.o(i.parse4Digit)
    i.read_BH1750                            0x08006624   Section        0  bh1750.o(i.read_BH1750)
    i.relay_Init                             0x080066b8   Section        0  relay.o(i.relay_Init)
    i.relay_OFF                              0x080066ec   Section        0  relay.o(i.relay_OFF)
    i.relay_ON                               0x080066fc   Section        0  relay.o(i.relay_ON)
    i.upload_data                            0x0800670c   Section        0  initialization.o(i.upload_data)
    .constdata                               0x08006930   Section       28  menu.o(.constdata)
    .constdata                               0x0800694c   Section     3754  oled_data.o(.constdata)
    .constdata                               0x080077f6   Section       12  mktime.o(.constdata)
    monlen                                   0x080077f6   Data          12  mktime.o(.constdata)
    .constdata                               0x08007802   Section       12  localtime_i.o(.constdata)
    monlen                                   0x08007802   Data          12  localtime_i.o(.constdata)
    .constdata                               0x0800780e   Section      129  ctype_o.o(.constdata)
    .constdata                               0x08007890   Section        4  ctype_o.o(.constdata)
    table                                    0x08007890   Data           4  ctype_o.o(.constdata)
    .conststring                             0x08007894   Section       71  main.o(.conststring)
    .conststring                             0x080078dc   Section      102  menu.o(.conststring)
    .conststring                             0x08007944   Section       46  esp8266.o(.conststring)
    .conststring                             0x08007974   Section      186  initialization.o(.conststring)
    .data                                    0x20000000   Section       20  stm32f10x_rcc.o(.data)
    APBAHBPrescTable                         0x20000000   Data          16  stm32f10x_rcc.o(.data)
    ADCPrescTable                            0x20000010   Data           4  stm32f10x_rcc.o(.data)
    .data                                    0x20000014   Section       14  main.o(.data)
    last_connect_time                        0x20000018   Data           4  main.o(.data)
    last_wind_read                           0x2000001c   Data           4  main.o(.data)
    key3_count                               0x20000020   Data           1  main.o(.data)
    keynum                                   0x20000021   Data           1  main.o(.data)
    .data                                    0x20000024   Section       24  menu.o(.data)
    .data                                    0x2000003c   Section      144  esp8266.o(.data)
    .data                                    0x200000cc   Section       12  myrtc.o(.data)
    .data                                    0x200000d8   Section        3  serial.o(.data)
    RxState                                  0x200000d9   Data           1  serial.o(.data)
    pRxPacket                                0x200000da   Data           1  serial.o(.data)
    .data                                    0x200000dc   Section       12  bh1750.o(.data)
    .data                                    0x200000e8   Section        8  task.o(.data)
    task_ready_bitmap                        0x200000ec   Data           2  task.o(.data)
    task_active_bitmap                       0x200000ee   Data           2  task.o(.data)
    .data                                    0x200000f0   Section       84  initialization.o(.data)
    last_motor_flag                          0x20000130   Data           2  initialization.o(.data)
    last_led                                 0x20000132   Data           1  initialization.o(.data)
    temp_pos                                 0x20000133   Data           1  initialization.o(.data)
    Humi_Soil                                0x20000134   Data           4  initialization.o(.data)
    Light_illunation                         0x20000138   Data           4  initialization.o(.data)
    Wind_Speed                               0x2000013c   Data           4  initialization.o(.data)
    last_status_time                         0x20000140   Data           4  initialization.o(.data)
    .data                                    0x20000144   Section        4  errno.o(.data)
    _errno                                   0x20000144   Data           4  errno.o(.data)
    .bss                                     0x20000148   Section     1200  esp8266.o(.bss)
    .bss                                     0x200005f8   Section     1024  oled.o(.bss)
    .bss                                     0x200009f8   Section      100  serial.o(.bss)
    .bss                                     0x20000a5c   Section      280  task.o(.bss)
    .bss                                     0x20000b74   Section      836  initialization.o(.bss)
    last_temps                               0x20000db8   Data         256  initialization.o(.bss)
    .bss                                     0x20000eb8   Section       44  localtime_w.o(.bss)
    _tms                                     0x20000eb8   Data          44  localtime_w.o(.bss)
    STACK                                    0x20000ee8   Section     1024  startup_stm32f10x_md.o(STACK)

    Global Symbols

    Symbol Name                              Value     Ov Type        Size  Object(Section)

    BuildAttributes$$THM_ISAv4$P$D$K$B$S$PE$A:L22UL41UL21$X:L11$S22US41US21$IEEE1$IW$USESV6$~STKCKD$USESV7$~SHL$OTIME$ROPI$IEEEX$EBA8$MICROLIB$REQ8$PRES8$EABIv2 0x00000000   Number         0  anon$$obj.o ABSOLUTE
    __ARM_use_no_argv                        0x00000000   Number         0  main.o ABSOLUTE
    _printf_a                                0x00000000   Number         0  stubs.o ABSOLUTE
    _printf_c                                0x00000000   Number         0  stubs.o ABSOLUTE
    _printf_charcount                        0x00000000   Number         0  stubs.o ABSOLUTE
    _printf_d                                0x00000000   Number         0  stubs.o ABSOLUTE
    _printf_e                                0x00000000   Number         0  stubs.o ABSOLUTE
    _printf_f                                0x00000000   Number         0  stubs.o ABSOLUTE
    _printf_flags                            0x00000000   Number         0  stubs.o ABSOLUTE
    _printf_fp_dec                           0x00000000   Number         0  stubs.o ABSOLUTE
    _printf_fp_hex                           0x00000000   Number         0  stubs.o ABSOLUTE
    _printf_g                                0x00000000   Number         0  stubs.o ABSOLUTE
    _printf_i                                0x00000000   Number         0  stubs.o ABSOLUTE
    _printf_int_dec                          0x00000000   Number         0  stubs.o ABSOLUTE
    _printf_l                                0x00000000   Number         0  stubs.o ABSOLUTE
    _printf_lc                               0x00000000   Number         0  stubs.o ABSOLUTE
    _printf_ll                               0x00000000   Number         0  stubs.o ABSOLUTE
    _printf_lld                              0x00000000   Number         0  stubs.o ABSOLUTE
    _printf_lli                              0x00000000   Number         0  stubs.o ABSOLUTE
    _printf_llo                              0x00000000   Number         0  stubs.o ABSOLUTE
    _printf_llu                              0x00000000   Number         0  stubs.o ABSOLUTE
    _printf_llx                              0x00000000   Number         0  stubs.o ABSOLUTE
    _printf_longlong_dec                     0x00000000   Number         0  stubs.o ABSOLUTE
    _printf_longlong_hex                     0x00000000   Number         0  stubs.o ABSOLUTE
    _printf_longlong_oct                     0x00000000   Number         0  stubs.o ABSOLUTE
    _printf_ls                               0x00000000   Number         0  stubs.o ABSOLUTE
    _printf_mbtowc                           0x00000000   Number         0  stubs.o ABSOLUTE
    _printf_n                                0x00000000   Number         0  stubs.o ABSOLUTE
    _printf_o                                0x00000000   Number         0  stubs.o ABSOLUTE
    _printf_p                                0x00000000   Number         0  stubs.o ABSOLUTE
    _printf_percent                          0x00000000   Number         0  stubs.o ABSOLUTE
    _printf_pre_padding                      0x00000000   Number         0  stubs.o ABSOLUTE
    _printf_return_value                     0x00000000   Number         0  stubs.o ABSOLUTE
    _printf_s                                0x00000000   Number         0  stubs.o ABSOLUTE
    _printf_sizespec                         0x00000000   Number         0  stubs.o ABSOLUTE
    _printf_str                              0x00000000   Number         0  stubs.o ABSOLUTE
    _printf_truncate_signed                  0x00000000   Number         0  stubs.o ABSOLUTE
    _printf_truncate_unsigned                0x00000000   Number         0  stubs.o ABSOLUTE
    _printf_u                                0x00000000   Number         0  stubs.o ABSOLUTE
    _printf_wc                               0x00000000   Number         0  stubs.o ABSOLUTE
    _printf_wctomb                           0x00000000   Number         0  stubs.o ABSOLUTE
    _printf_widthprec                        0x00000000   Number         0  stubs.o ABSOLUTE
    _printf_x                                0x00000000   Number         0  stubs.o ABSOLUTE
    __cpp_initialize__aeabi_                  - Undefined Weak Reference
    __cxa_finalize                            - Undefined Weak Reference
    _clock_init                               - Undefined Weak Reference
    _microlib_exit                            - Undefined Weak Reference
    __Vectors_Size                           0x000000ec   Number         0  startup_stm32f10x_md.o ABSOLUTE
    __Vectors                                0x08000000   Data           4  startup_stm32f10x_md.o(RESET)
    __Vectors_End                            0x080000ec   Data           0  startup_stm32f10x_md.o(RESET)
    __main                                   0x080000ed   Thumb Code     0  entry.o(.ARM.Collect$$$$00000000)
    _main_stk                                0x080000ed   Thumb Code     0  entry2.o(.ARM.Collect$$$$00000001)
    _main_scatterload                        0x080000f1   Thumb Code     0  entry5.o(.ARM.Collect$$$$00000004)
    __main_after_scatterload                 0x080000f5   Thumb Code     0  entry5.o(.ARM.Collect$$$$00000004)
    _main_clock                              0x080000f5   Thumb Code     0  entry7b.o(.ARM.Collect$$$$00000008)
    _main_cpp_init                           0x080000f5   Thumb Code     0  entry8b.o(.ARM.Collect$$$$0000000A)
    _main_init                               0x080000f5   Thumb Code     0  entry9a.o(.ARM.Collect$$$$0000000B)
    __rt_final_cpp                           0x080000fd   Thumb Code     0  entry10a.o(.ARM.Collect$$$$0000000D)
    __rt_final_exit                          0x080000fd   Thumb Code     0  entry11a.o(.ARM.Collect$$$$0000000F)
    Reset_Handler                            0x08000101   Thumb Code     8  startup_stm32f10x_md.o(.text)
    ADC1_2_IRQHandler                        0x0800011b   Thumb Code     0  startup_stm32f10x_md.o(.text)
    CAN1_RX1_IRQHandler                      0x0800011b   Thumb Code     0  startup_stm32f10x_md.o(.text)
    CAN1_SCE_IRQHandler                      0x0800011b   Thumb Code     0  startup_stm32f10x_md.o(.text)
    DMA1_Channel1_IRQHandler                 0x0800011b   Thumb Code     0  startup_stm32f10x_md.o(.text)
    DMA1_Channel2_IRQHandler                 0x0800011b   Thumb Code     0  startup_stm32f10x_md.o(.text)
    DMA1_Channel3_IRQHandler                 0x0800011b   Thumb Code     0  startup_stm32f10x_md.o(.text)
    DMA1_Channel4_IRQHandler                 0x0800011b   Thumb Code     0  startup_stm32f10x_md.o(.text)
    DMA1_Channel5_IRQHandler                 0x0800011b   Thumb Code     0  startup_stm32f10x_md.o(.text)
    DMA1_Channel6_IRQHandler                 0x0800011b   Thumb Code     0  startup_stm32f10x_md.o(.text)
    DMA1_Channel7_IRQHandler                 0x0800011b   Thumb Code     0  startup_stm32f10x_md.o(.text)
    EXTI0_IRQHandler                         0x0800011b   Thumb Code     0  startup_stm32f10x_md.o(.text)
    EXTI15_10_IRQHandler                     0x0800011b   Thumb Code     0  startup_stm32f10x_md.o(.text)
    EXTI1_IRQHandler                         0x0800011b   Thumb Code     0  startup_stm32f10x_md.o(.text)
    EXTI2_IRQHandler                         0x0800011b   Thumb Code     0  startup_stm32f10x_md.o(.text)
    EXTI3_IRQHandler                         0x0800011b   Thumb Code     0  startup_stm32f10x_md.o(.text)
    EXTI4_IRQHandler                         0x0800011b   Thumb Code     0  startup_stm32f10x_md.o(.text)
    EXTI9_5_IRQHandler                       0x0800011b   Thumb Code     0  startup_stm32f10x_md.o(.text)
    FLASH_IRQHandler                         0x0800011b   Thumb Code     0  startup_stm32f10x_md.o(.text)
    I2C1_ER_IRQHandler                       0x0800011b   Thumb Code     0  startup_stm32f10x_md.o(.text)
    I2C1_EV_IRQHandler                       0x0800011b   Thumb Code     0  startup_stm32f10x_md.o(.text)
    I2C2_ER_IRQHandler                       0x0800011b   Thumb Code     0  startup_stm32f10x_md.o(.text)
    I2C2_EV_IRQHandler                       0x0800011b   Thumb Code     0  startup_stm32f10x_md.o(.text)
    PVD_IRQHandler                           0x0800011b   Thumb Code     0  startup_stm32f10x_md.o(.text)
    RCC_IRQHandler                           0x0800011b   Thumb Code     0  startup_stm32f10x_md.o(.text)
    RTCAlarm_IRQHandler                      0x0800011b   Thumb Code     0  startup_stm32f10x_md.o(.text)
    RTC_IRQHandler                           0x0800011b   Thumb Code     0  startup_stm32f10x_md.o(.text)
    SPI1_IRQHandler                          0x0800011b   Thumb Code     0  startup_stm32f10x_md.o(.text)
    SPI2_IRQHandler                          0x0800011b   Thumb Code     0  startup_stm32f10x_md.o(.text)
    TAMPER_IRQHandler                        0x0800011b   Thumb Code     0  startup_stm32f10x_md.o(.text)
    TIM1_BRK_IRQHandler                      0x0800011b   Thumb Code     0  startup_stm32f10x_md.o(.text)
    TIM1_CC_IRQHandler                       0x0800011b   Thumb Code     0  startup_stm32f10x_md.o(.text)
    TIM1_TRG_COM_IRQHandler                  0x0800011b   Thumb Code     0  startup_stm32f10x_md.o(.text)
    TIM1_UP_IRQHandler                       0x0800011b   Thumb Code     0  startup_stm32f10x_md.o(.text)
    TIM2_IRQHandler                          0x0800011b   Thumb Code     0  startup_stm32f10x_md.o(.text)
    TIM3_IRQHandler                          0x0800011b   Thumb Code     0  startup_stm32f10x_md.o(.text)
    TIM4_IRQHandler                          0x0800011b   Thumb Code     0  startup_stm32f10x_md.o(.text)
    USART3_IRQHandler                        0x0800011b   Thumb Code     0  startup_stm32f10x_md.o(.text)
    USBWakeUp_IRQHandler                     0x0800011b   Thumb Code     0  startup_stm32f10x_md.o(.text)
    USB_HP_CAN1_TX_IRQHandler                0x0800011b   Thumb Code     0  startup_stm32f10x_md.o(.text)
    USB_LP_CAN1_RX0_IRQHandler               0x0800011b   Thumb Code     0  startup_stm32f10x_md.o(.text)
    WWDG_IRQHandler                          0x0800011b   Thumb Code     0  startup_stm32f10x_md.o(.text)
    mktime                                   0x08000125   Thumb Code   150  mktime.o(.text)
    __aeabi_memcpy                           0x080001cd   Thumb Code    36  memcpya.o(.text)
    __aeabi_memcpy4                          0x080001cd   Thumb Code     0  memcpya.o(.text)
    __aeabi_memcpy8                          0x080001cd   Thumb Code     0  memcpya.o(.text)
    __aeabi_memset                           0x080001f1   Thumb Code    14  memseta.o(.text)
    __aeabi_memset4                          0x080001f1   Thumb Code     0  memseta.o(.text)
    __aeabi_memset8                          0x080001f1   Thumb Code     0  memseta.o(.text)
    __aeabi_memclr                           0x080001ff   Thumb Code     4  memseta.o(.text)
    __aeabi_memclr4                          0x080001ff   Thumb Code     0  memseta.o(.text)
    __aeabi_memclr8                          0x080001ff   Thumb Code     0  memseta.o(.text)
    _memset$wrapper                          0x08000203   Thumb Code    18  memseta.o(.text)
    strstr                                   0x08000215   Thumb Code    36  strstr.o(.text)
    strncpy                                  0x08000239   Thumb Code    24  strncpy.o(.text)
    strlen                                   0x08000251   Thumb Code    14  strlen.o(.text)
    strcmp                                   0x0800025f   Thumb Code    28  strcmp.o(.text)
    strpbrk                                  0x0800027b   Thumb Code    32  strpbrk.o(.text)
    atoi                                     0x0800029b   Thumb Code    26  atoi.o(.text)
    __aeabi_fadd                             0x080002b5   Thumb Code   164  fadd.o(.text)
    __aeabi_fsub                             0x08000359   Thumb Code     6  fadd.o(.text)
    __aeabi_frsub                            0x0800035f   Thumb Code     6  fadd.o(.text)
    __aeabi_fmul                             0x08000365   Thumb Code   100  fmul.o(.text)
    __aeabi_fdiv                             0x080003c9   Thumb Code   124  fdiv.o(.text)
    __aeabi_dadd                             0x08000445   Thumb Code   322  dadd.o(.text)
    __aeabi_dsub                             0x08000587   Thumb Code     6  dadd.o(.text)
    __aeabi_drsub                            0x0800058d   Thumb Code     6  dadd.o(.text)
    __aeabi_dmul                             0x08000593   Thumb Code   228  dmul.o(.text)
    __aeabi_ddiv                             0x08000677   Thumb Code   222  ddiv.o(.text)
    __aeabi_i2f                              0x08000755   Thumb Code    18  fflti.o(.text)
    __aeabi_ui2f                             0x08000767   Thumb Code    10  ffltui.o(.text)
    __aeabi_i2d                              0x08000771   Thumb Code    34  dflti.o(.text)
    __aeabi_ui2d                             0x08000793   Thumb Code    26  dfltui.o(.text)
    __aeabi_f2iz                             0x080007ad   Thumb Code    50  ffixi.o(.text)
    __aeabi_f2uiz                            0x080007df   Thumb Code    40  ffixui.o(.text)
    __aeabi_d2uiz                            0x08000807   Thumb Code    50  dfixui.o(.text)
    __aeabi_f2d                              0x08000839   Thumb Code    38  f2d.o(.text)
    __aeabi_cdcmpeq                          0x08000861   Thumb Code     0  cdcmple.o(.text)
    __aeabi_cdcmple                          0x08000861   Thumb Code    48  cdcmple.o(.text)
    __aeabi_cdrcmple                         0x08000891   Thumb Code    48  cdrcmple.o(.text)
    __aeabi_d2f                              0x080008c1   Thumb Code    56  d2f.o(.text)
    __aeabi_cfcmpeq                          0x080008f9   Thumb Code     0  cfcmple.o(.text)
    __aeabi_cfcmple                          0x080008f9   Thumb Code    20  cfcmple.o(.text)
    __aeabi_cfrcmple                         0x0800090d   Thumb Code    20  cfrcmple.o(.text)
    __aeabi_uidiv                            0x08000921   Thumb Code     0  uidiv.o(.text)
    __aeabi_uidivmod                         0x08000921   Thumb Code    44  uidiv.o(.text)
    __aeabi_uldivmod                         0x0800094d   Thumb Code    98  uldiv.o(.text)
    __aeabi_llsl                             0x080009af   Thumb Code    30  llshl.o(.text)
    _ll_shift_l                              0x080009af   Thumb Code     0  llshl.o(.text)
    __aeabi_llsr                             0x080009cd   Thumb Code    32  llushr.o(.text)
    _ll_ushift_r                             0x080009cd   Thumb Code     0  llushr.o(.text)
    __aeabi_lasr                             0x080009ed   Thumb Code    36  llsshr.o(.text)
    _ll_sshift_r                             0x080009ed   Thumb Code     0  llsshr.o(.text)
    localtime                                0x08000a11   Thumb Code     6  localtime_w.o(.text)
    _localtime                               0x08000a1d   Thumb Code   134  localtime_i.o(.text)
    __strtod_int                             0x08000adf   Thumb Code    90  strtod.o(.text)
    strtol                                   0x08000b45   Thumb Code   112  strtol.o(.text)
    __I$use$fp                               0x08000bb5   Thumb Code     0  iusefp.o(.text)
    _float_round                             0x08000bb5   Thumb Code    18  fepilogue.o(.text)
    _float_epilogue                          0x08000bc7   Thumb Code    92  fepilogue.o(.text)
    _double_round                            0x08000c23   Thumb Code    30  depilogue.o(.text)
    _double_epilogue                         0x08000c41   Thumb Code   156  depilogue.o(.text)
    __aeabi_d2ulz                            0x08000cdd   Thumb Code    48  dfixul.o(.text)
    __scatterload                            0x08000d0d   Thumb Code    28  init.o(.text)
    __scatterload_rt2                        0x08000d0d   Thumb Code     0  init.o(.text)
    __rt_ctype_table                         0x08000d31   Thumb Code     4  ctype_o.o(.text)
    isspace                                  0x08000d39   Thumb Code    18  isspace_o.o(.text)
    _scanf_real                              0x08000e75   Thumb Code     0  scanf_fp.o(.text)
    _scanf_really_real                       0x08000e75   Thumb Code   556  scanf_fp.o(.text)
    _sgetc                                   0x080010ad   Thumb Code    30  _sgetc.o(.text)
    _sbackspace                              0x080010cb   Thumb Code    34  _sgetc.o(.text)
    _strtoul                                 0x080010ed   Thumb Code   158  _strtoul.o(.text)
    _chval                                   0x0800118b   Thumb Code    28  _chval.o(.text)
    __aeabi_ul2d                             0x080011a7   Thumb Code    24  dfltul.o(.text)
    __decompress                             0x080011bf   Thumb Code     0  __dczerorl2.o(.text)
    __decompress1                            0x080011bf   Thumb Code    86  __dczerorl2.o(.text)
    ADC_Cmd                                  0x08001215   Thumb Code    22  stm32f10x_adc.o(i.ADC_Cmd)
    ADC_GetCalibrationStatus                 0x0800122b   Thumb Code    20  stm32f10x_adc.o(i.ADC_GetCalibrationStatus)
    ADC_GetConversionValue                   0x0800123f   Thumb Code     8  stm32f10x_adc.o(i.ADC_GetConversionValue)
    ADC_GetFlagStatus                        0x08001247   Thumb Code    18  stm32f10x_adc.o(i.ADC_GetFlagStatus)
    ADC_GetResetCalibrationStatus            0x08001259   Thumb Code    20  stm32f10x_adc.o(i.ADC_GetResetCalibrationStatus)
    ADC_Init                                 0x0800126d   Thumb Code    70  stm32f10x_adc.o(i.ADC_Init)
    ADC_RegularChannelConfig                 0x080012bd   Thumb Code   184  stm32f10x_adc.o(i.ADC_RegularChannelConfig)
    ADC_ResetCalibration                     0x08001375   Thumb Code    10  stm32f10x_adc.o(i.ADC_ResetCalibration)
    ADC_SoftwareStartConvCmd                 0x0800137f   Thumb Code    22  stm32f10x_adc.o(i.ADC_SoftwareStartConvCmd)
    ADC_StartCalibration                     0x08001395   Thumb Code    10  stm32f10x_adc.o(i.ADC_StartCalibration)
    AD_GetValue                              0x080013a1   Thumb Code    46  ad.o(i.AD_GetValue)
    AD_Init                                  0x080013d5   Thumb Code   138  ad.o(i.AD_Init)
    Alarm                                    0x08001469   Thumb Code   214  initialization.o(i.Alarm)
    BH1750_RecvACK                           0x08001561   Thumb Code   100  bh1750.o(i.BH1750_RecvACK)
    BH1750_RecvByte                          0x080015d5   Thumb Code   120  bh1750.o(i.BH1750_RecvByte)
    BH1750_SendACK                           0x08001655   Thumb Code    90  bh1750.o(i.BH1750_SendACK)
    BH1750_SendByte                          0x080016bd   Thumb Code    80  bh1750.o(i.BH1750_SendByte)
    BH1750_Start                             0x08001719   Thumb Code    48  bh1750.o(i.BH1750_Start)
    BH1750_Stop                              0x08001755   Thumb Code    42  bh1750.o(i.BH1750_Stop)
    BusFault_Handler                         0x0800178d   Thumb Code     4  stm32f10x_it.o(i.BusFault_Handler)
    Buzzer_Init                              0x08001791   Thumb Code    46  buzzer.o(i.Buzzer_Init)
    Buzzer_OFF                               0x080017c5   Thumb Code    12  buzzer.o(i.Buzzer_OFF)
    Buzzer_ON                                0x080017d5   Thumb Code    12  buzzer.o(i.Buzzer_ON)
    Check_the_network                        0x080017e5   Thumb Code    48  esp8266.o(i.Check_the_network)
    Clear_BuffData                           0x0800182d   Thumb Code    26  esp8266.o(i.Clear_BuffData)
    Connect_tothe_cloud                      0x0800184d   Thumb Code   196  esp8266.o(i.Connect_tothe_cloud)
    DHT11_Check                              0x080019e5   Thumb Code    92  dht11.o(i.DHT11_Check)
    DHT11_Init                               0x08001a45   Thumb Code    58  dht11.o(i.DHT11_Init)
    DHT11_Mode                               0x08001a85   Thumb Code    52  dht11.o(i.DHT11_Mode)
    DHT11_Read_Bit                           0x08001abd   Thumb Code    94  dht11.o(i.DHT11_Read_Bit)
    DHT11_Read_Byte                          0x08001b21   Thumb Code    30  dht11.o(i.DHT11_Read_Byte)
    DHT11_Read_Data                          0x08001b3f   Thumb Code    88  dht11.o(i.DHT11_Read_Data)
    DHT11_Rst                                0x08001b99   Thumb Code    46  dht11.o(i.DHT11_Rst)
    DataAnylize                              0x08001bcd   Thumb Code   870  esp8266.o(i.DataAnylize)
    Data_Init                                0x08001ff1   Thumb Code    40  initialization.o(i.Data_Init)
    DebugMon_Handler                         0x08002035   Thumb Code     2  stm32f10x_it.o(i.DebugMon_Handler)
    Delay_Init                               0x08002039   Thumb Code    84  delay.o(i.Delay_Init)
    Delay_ms                                 0x08002099   Thumb Code    30  delay.o(i.Delay_ms)
    Delay_us                                 0x080020bd   Thumb Code   170  delay.o(i.Delay_us)
    ESP8266_Config                           0x08002169   Thumb Code   234  esp8266.o(i.ESP8266_Config)
    Extract_WiFi_Info                        0x08002269   Thumb Code   152  esp8266.o(i.Extract_WiFi_Info)
    Feng_Get_AD_Average                      0x08002341   Thumb Code    48  feng.o(i.Feng_Get_AD_Average)
    Feng_Init                                0x08002371   Thumb Code   138  feng.o(i.Feng_Init)
    GPIO_Init                                0x08002405   Thumb Code   278  stm32f10x_gpio.o(i.GPIO_Init)
    GPIO_PinRemapConfig                      0x0800251d   Thumb Code   138  stm32f10x_gpio.o(i.GPIO_PinRemapConfig)
    GPIO_ReadInputDataBit                    0x080025ad   Thumb Code    18  stm32f10x_gpio.o(i.GPIO_ReadInputDataBit)
    GPIO_ResetBits                           0x080025bf   Thumb Code     4  stm32f10x_gpio.o(i.GPIO_ResetBits)
    GPIO_SetBits                             0x080025c3   Thumb Code     4  stm32f10x_gpio.o(i.GPIO_SetBits)
    GPIO_WriteBit                            0x080025c7   Thumb Code    10  stm32f10x_gpio.o(i.GPIO_WriteBit)
    GetData                                  0x080025d1   Thumb Code     2  initialization.o(i.GetData)
    Get_AD_Average                           0x080025d3   Thumb Code    48  ad.o(i.Get_AD_Average)
    Get_FengSpeed                            0x08002605   Thumb Code    72  feng.o(i.Get_FengSpeed)
    Get_Key_1                                0x0800265d   Thumb Code    54  key.o(i.Get_Key_1)
    Get_Key_2                                0x08002699   Thumb Code    50  key.o(i.Get_Key_2)
    Get_Key_3                                0x080026d1   Thumb Code    50  key.o(i.Get_Key_3)
    Get_Key_4                                0x08002709   Thumb Code    50  key.o(i.Get_Key_4)
    Get_SoilHumi                             0x08002741   Thumb Code    50  soil.o(i.Get_SoilHumi)
    HardFault_Handler                        0x08002773   Thumb Code     4  stm32f10x_it.o(i.HardFault_Handler)
    Humidity_Low_set                         0x08002779   Thumb Code   262  menu.o(i.Humidity_Low_set)
    Humidity_Threshold                       0x080028b5   Thumb Code   394  menu.o(i.Humidity_Threshold)
    Humidity_Up_set                          0x08002a81   Thumb Code   262  menu.o(i.Humidity_Up_set)
    IWDGADD                                  0x08002bbd   Thumb Code    22  initialization.o(i.IWDGADD)
    IWDG_ReloadCounter                       0x08002bd9   Thumb Code    10  stm32f10x_iwdg.o(i.IWDG_ReloadCounter)
    Init_BH1750                              0x08002be9   Thumb Code    52  bh1750.o(i.Init_BH1750)
    Initialization                           0x08002c21   Thumb Code   104  initialization.o(i.Initialization)
    Key_Init                                 0x08002c91   Thumb Code    98  initialization.o(i.Key_Init)
    LED_Config                               0x08002d01   Thumb Code    42  initialization.o(i.LED_Config)
    LED_OFF                                  0x08002d31   Thumb Code    12  led.o(i.LED_OFF)
    Light_Low_set                            0x08002d41   Thumb Code   344  menu.o(i.Light_Low_set)
    Light_Threshold                          0x08002ee1   Thumb Code   382  menu.o(i.Light_Threshold)
    Light_Up_set                             0x08003099   Thumb Code   342  menu.o(i.Light_Up_set)
    Manual_Mode                              0x08003235   Thumb Code    56  menu.o(i.Manual_Mode)
    MemManage_Handler                        0x08003275   Thumb Code     4  stm32f10x_it.o(i.MemManage_Handler)
    Menu_key_set                             0x08003279   Thumb Code    22  initialization.o(i.Menu_key_set)
    MyRTC_Init                               0x08003295   Thumb Code    80  myrtc.o(i.MyRTC_Init)
    MyRTC_ReadTime                           0x080032e5   Thumb Code    68  myrtc.o(i.MyRTC_ReadTime)
    MyRTC_SetTime                            0x0800332d   Thumb Code    70  myrtc.o(i.MyRTC_SetTime)
    NMI_Handler                              0x08003379   Thumb Code     2  stm32f10x_it.o(i.NMI_Handler)
    NVIC_Init                                0x0800337d   Thumb Code   100  misc.o(i.NVIC_Init)
    NVIC_PriorityGroupConfig                 0x080033ed   Thumb Code    10  misc.o(i.NVIC_PriorityGroupConfig)
    OLED_Clear                               0x08003401   Thumb Code    36  oled.o(i.OLED_Clear)
    OLED_ClearArea                           0x08003429   Thumb Code   162  oled.o(i.OLED_ClearArea)
    OLED_DrawLine                            0x080034d1   Thumb Code   374  oled.o(i.OLED_DrawLine)
    OLED_DrawPoint                           0x08003649   Thumb Code    74  oled.o(i.OLED_DrawPoint)
    OLED_GPIO_Init                           0x08003699   Thumb Code    92  oled.o(i.OLED_GPIO_Init)
    OLED_I2C_SendByte                        0x080036f9   Thumb Code    62  oled.o(i.OLED_I2C_SendByte)
    OLED_I2C_Start                           0x08003737   Thumb Code    28  oled.o(i.OLED_I2C_Start)
    OLED_I2C_Stop                            0x08003753   Thumb Code    22  oled.o(i.OLED_I2C_Stop)
    OLED_Init                                0x08003769   Thumb Code   146  oled.o(i.OLED_Init)
    OLED_Pow                                 0x080037fb   Thumb Code    20  oled.o(i.OLED_Pow)
    OLED_ReverseArea                         0x08003811   Thumb Code   162  oled.o(i.OLED_ReverseArea)
    OLED_SetCursor                           0x080038b9   Thumb Code    34  oled.o(i.OLED_SetCursor)
    OLED_ShowChar                            0x080038dd   Thumb Code    74  oled.o(i.OLED_ShowChar)
    OLED_ShowFloatNum                        0x08003931   Thumb Code   334  oled.o(i.OLED_ShowFloatNum)
    OLED_ShowImage                           0x08003a81   Thumb Code   296  oled.o(i.OLED_ShowImage)
    OLED_ShowNum                             0x08003bad   Thumb Code    76  oled.o(i.OLED_ShowNum)
    OLED_ShowString                          0x08003bf9   Thumb Code    46  oled.o(i.OLED_ShowString)
    OLED_Update                              0x08003c29   Thumb Code    36  oled.o(i.OLED_Update)
    OLED_W_SCL                               0x08003c51   Thumb Code    18  oled.o(i.OLED_W_SCL)
    OLED_W_SDA                               0x08003c69   Thumb Code    18  oled.o(i.OLED_W_SDA)
    OLED_WriteCommand                        0x08003c81   Thumb Code    32  oled.o(i.OLED_WriteCommand)
    OLED_WriteData                           0x08003ca1   Thumb Code    46  oled.o(i.OLED_WriteData)
    PWR_BackupAccessCmd                      0x08003cd1   Thumb Code     6  stm32f10x_pwr.o(i.PWR_BackupAccessCmd)
    PendSV_Handler                           0x08003cdd   Thumb Code     2  stm32f10x_it.o(i.PendSV_Handler)
    Process_Cloud_Control                    0x08003ce1   Thumb Code   156  initialization.o(i.Process_Cloud_Control)
    RCC_ADCCLKConfig                         0x08003e29   Thumb Code    18  stm32f10x_rcc.o(i.RCC_ADCCLKConfig)
    RCC_APB1PeriphClockCmd                   0x08003e41   Thumb Code    26  stm32f10x_rcc.o(i.RCC_APB1PeriphClockCmd)
    RCC_APB2PeriphClockCmd                   0x08003e61   Thumb Code    26  stm32f10x_rcc.o(i.RCC_APB2PeriphClockCmd)
    RCC_GetClocksFreq                        0x08003e81   Thumb Code   192  stm32f10x_rcc.o(i.RCC_GetClocksFreq)
    RCC_GetFlagStatus                        0x08003f55   Thumb Code    56  stm32f10x_rcc.o(i.RCC_GetFlagStatus)
    RCC_LSICmd                               0x08003f91   Thumb Code     6  stm32f10x_rcc.o(i.RCC_LSICmd)
    RCC_RTCCLKCmd                            0x08003f9d   Thumb Code     6  stm32f10x_rcc.o(i.RCC_RTCCLKCmd)
    RCC_RTCCLKConfig                         0x08003fa9   Thumb Code    12  stm32f10x_rcc.o(i.RCC_RTCCLKConfig)
    RTC_EnterConfigMode                      0x08003fb9   Thumb Code    14  stm32f10x_rtc.o(i.RTC_EnterConfigMode)
    RTC_ExitConfigMode                       0x08003fcd   Thumb Code    16  stm32f10x_rtc.o(i.RTC_ExitConfigMode)
    RTC_GetCounter                           0x08003fe1   Thumb Code    16  stm32f10x_rtc.o(i.RTC_GetCounter)
    RTC_SetCounter                           0x08003ff5   Thumb Code    24  stm32f10x_rtc.o(i.RTC_SetCounter)
    RTC_SetPrescaler                         0x08004011   Thumb Code    26  stm32f10x_rtc.o(i.RTC_SetPrescaler)
    RTC_WaitForLastTask                      0x08004031   Thumb Code    16  stm32f10x_rtc.o(i.RTC_WaitForLastTask)
    RTC_WaitForSynchro                       0x08004045   Thumb Code    30  stm32f10x_rtc.o(i.RTC_WaitForSynchro)
    SVC_Handler                              0x08004069   Thumb Code     2  stm32f10x_it.o(i.SVC_Handler)
    Serial_Init                              0x0800406d   Thumb Code   174  serial.o(i.Serial_Init)
    Serial_Pow                               0x08004125   Thumb Code    20  serial.o(i.Serial_Pow)
    Serial_SendByte                          0x08004139   Thumb Code    28  serial.o(i.Serial_SendByte)
    Serial_SendNumber                        0x08004159   Thumb Code    58  serial.o(i.Serial_SendNumber)
    Serial_SendString                        0x08004193   Thumb Code    26  serial.o(i.Serial_SendString)
    SimpleDrawTempCurve                      0x08004295   Thumb Code   162  initialization.o(i.SimpleDrawTempCurve)
    Single_Write_BH1750                      0x08004345   Thumb Code    26  bh1750.o(i.Single_Write_BH1750)
    Soil_Low_set                             0x08004361   Thumb Code   342  menu.o(i.Soil_Low_set)
    Soil_Threshold                           0x080044f9   Thumb Code   382  menu.o(i.Soil_Threshold)
    Soil_Up_set                              0x080046a9   Thumb Code   342  menu.o(i.Soil_Up_set)
    SysTick_Handler                          0x0800483d   Thumb Code     8  delay.o(i.SysTick_Handler)
    SystemInit                               0x08004845   Thumb Code    78  system_stm32f10x.o(i.SystemInit)
    Task_Add                                 0x080048a5   Thumb Code   108  task.o(i.Task_Add)
    Task_Init                                0x0800491d   Thumb Code    28  task.o(i.Task_Init)
    Task_Initialization                      0x08004949   Thumb Code   156  initialization.o(i.Task_Initialization)
    Task_RunScheduler                        0x08004a91   Thumb Code   208  task.o(i.Task_RunScheduler)
    Task_UpdateTick                          0x08004b71   Thumb Code   160  task.o(i.Task_UpdateTick)
    Temperature_Low_set                      0x08004c21   Thumb Code   398  menu.o(i.Temperature_Low_set)
    Temperature_Threshold                    0x08004df9   Thumb Code   394  menu.o(i.Temperature_Threshold)
    Temperature_Up_set                       0x08004fb9   Thumb Code   398  menu.o(i.Temperature_Up_set)
    Test_ESP8266                             0x08005191   Thumb Code   200  initialization.o(i.Test_ESP8266)
    USART1_IRQHandler                        0x08005335   Thumb Code   140  serial.o(i.USART1_IRQHandler)
    USART2_IRQHandler                        0x080053d5   Thumb Code   118  esp8266.o(i.USART2_IRQHandler)
    USART2_SendByte                          0x08005455   Thumb Code    28  esp8266.o(i.USART2_SendByte)
    USART_ClearITPendingBit                  0x08005475   Thumb Code    30  stm32f10x_usart.o(i.USART_ClearITPendingBit)
    USART_Cmd                                0x08005493   Thumb Code    24  stm32f10x_usart.o(i.USART_Cmd)
    USART_GetFlagStatus                      0x080054ab   Thumb Code    26  stm32f10x_usart.o(i.USART_GetFlagStatus)
    USART_GetITStatus                        0x080054c5   Thumb Code    84  stm32f10x_usart.o(i.USART_GetITStatus)
    USART_ITConfig                           0x08005519   Thumb Code    74  stm32f10x_usart.o(i.USART_ITConfig)
    USART_Init                               0x08005565   Thumb Code   210  stm32f10x_usart.o(i.USART_Init)
    USART_ReceiveData                        0x0800563d   Thumb Code    10  stm32f10x_usart.o(i.USART_ReceiveData)
    USART_SendData                           0x08005647   Thumb Code     8  stm32f10x_usart.o(i.USART_SendData)
    Update_TempHuim_Display                  0x08005651   Thumb Code   294  initialization.o(i.Update_TempHuim_Display)
    UsageFault_Handler                       0x080057ad   Thumb Code     4  stm32f10x_it.o(i.UsageFault_Handler)
    WIFI_GET_TIME                            0x080057b1   Thumb Code    46  esp8266.o(i.WIFI_GET_TIME)
    WIFI_Init                                0x080057f1   Thumb Code    44  initialization.o(i.WIFI_Init)
    WifiSendStr                              0x08005835   Thumb Code    22  esp8266.o(i.WifiSendStr)
    __0snprintf                              0x0800584d   Thumb Code    44  printfa.o(i.__0snprintf)
    __1snprintf                              0x0800584d   Thumb Code     0  printfa.o(i.__0snprintf)
    __2snprintf                              0x0800584d   Thumb Code     0  printfa.o(i.__0snprintf)
    __c89snprintf                            0x0800584d   Thumb Code     0  printfa.o(i.__0snprintf)
    snprintf                                 0x0800584d   Thumb Code     0  printfa.o(i.__0snprintf)
    __0sprintf                               0x0800587d   Thumb Code    34  printfa.o(i.__0sprintf)
    __1sprintf                               0x0800587d   Thumb Code     0  printfa.o(i.__0sprintf)
    __2sprintf                               0x0800587d   Thumb Code     0  printfa.o(i.__0sprintf)
    __c89sprintf                             0x0800587d   Thumb Code     0  printfa.o(i.__0sprintf)
    sprintf                                  0x0800587d   Thumb Code     0  printfa.o(i.__0sprintf)
    __aeabi_errno_addr                       0x080058a5   Thumb Code     4  errno.o(i.__aeabi_errno_addr)
    __rt_errno_addr                          0x080058a5   Thumb Code     0  errno.o(i.__aeabi_errno_addr)
    __read_errno                             0x080058ad   Thumb Code     6  errno.o(i.__read_errno)
    __scatterload_copy                       0x080058b9   Thumb Code    14  handlers.o(i.__scatterload_copy)
    __scatterload_null                       0x080058c7   Thumb Code     2  handlers.o(i.__scatterload_null)
    __scatterload_zeroinit                   0x080058c9   Thumb Code    14  handlers.o(i.__scatterload_zeroinit)
    __set_errno                              0x080058d9   Thumb Code     6  errno.o(i.__set_errno)
    _is_digit                                0x08005a69   Thumb Code    14  scanf_fp.o(i._is_digit)
    atof                                     0x080061c7   Thumb Code    42  atof.o(i.atof)
    charToDigit                              0x080061f1   Thumb Code    22  esp8266.o(i.charToDigit)
    main                                     0x08006209   Thumb Code   264  main.o(i.main)
    menu2                                    0x080063e9   Thumb Code   366  menu.o(i.menu2)
    mread                                    0x08006585   Thumb Code    64  bh1750.o(i.mread)
    parse2Digit                              0x080065c9   Thumb Code    30  esp8266.o(i.parse2Digit)
    parse4Digit                              0x080065e7   Thumb Code    62  esp8266.o(i.parse4Digit)
    read_BH1750                              0x08006625   Thumb Code   130  bh1750.o(i.read_BH1750)
    relay_Init                               0x080066b9   Thumb Code    46  relay.o(i.relay_Init)
    relay_OFF                                0x080066ed   Thumb Code    12  relay.o(i.relay_OFF)
    relay_ON                                 0x080066fd   Thumb Code    12  relay.o(i.relay_ON)
    upload_data                              0x0800670d   Thumb Code   268  initialization.o(i.upload_data)
    OLED_F8x16                               0x0800694c   Data        1520  oled_data.o(.constdata)
    OLED_F6x8                                0x08006f3c   Data         570  oled_data.o(.constdata)
    OLED_CF16x16                             0x08007176   Data        1440  oled_data.o(.constdata)
    Diode                                    0x08007716   Data          32  oled_data.o(.constdata)
    yi                                       0x08007736   Data          64  oled_data.o(.constdata)
    er                                       0x08007776   Data         128  oled_data.o(.constdata)
    __ctype_table                            0x0800780e   Data         129  ctype_o.o(.constdata)
    Region$$Table$$Base                      0x08007a30   Number         0  anon$$obj.o(Region$$Table)
    Region$$Table$$Limit                     0x08007a50   Number         0  anon$$obj.o(Region$$Table)
    main_mode_flag                           0x20000014   Data           1  main.o(.data)
    main_key_flag                            0x20000015   Data           1  main.o(.data)
    mode_flag                                0x20000024   Data           1  menu.o(.data)
    key_flag                                 0x20000025   Data           1  menu.o(.data)
    flag                                     0x20000026   Data           1  menu.o(.data)
    Oxygen_Lower                             0x20000027   Data           1  menu.o(.data)
    Oxygen_Upper                             0x20000028   Data           1  menu.o(.data)
    Heart_Lower                              0x20000029   Data           1  menu.o(.data)
    Heart_Upper                              0x2000002a   Data           1  menu.o(.data)
    Temperature_Lower                        0x2000002c   Data           4  menu.o(.data)
    Temperature_Upper                        0x20000030   Data           4  menu.o(.data)
    Humidity_Lower                           0x20000034   Data           4  menu.o(.data)
    Humidity_Upper                           0x20000038   Data           4  menu.o(.data)
    connected                                0x2000003c   Data           1  esp8266.o(.data)
    UART_RxFlag                              0x2000003d   Data           1  esp8266.o(.data)
    Long                                     0x20000040   Data           4  esp8266.o(.data)
    saved_wifi_name                          0x20000044   Data          50  esp8266.o(.data)
    saved_ip                                 0x20000076   Data          20  esp8266.o(.data)
    name_flag_maps                           0x2000008c   Data          60  esp8266.o(.data)
    topic                                    0x200000c8   Data           4  esp8266.o(.data)
    MyRTC_Time                               0x200000cc   Data          12  myrtc.o(.data)
    Serial_RxFlag                            0x200000d8   Data           1  serial.o(.data)
    BUF                                      0x200000dc   Data           8  bh1750.o(.data)
    mcy                                      0x200000e4   Data           4  bh1750.o(.data)
    system_time                              0x200000e8   Data           4  task.o(.data)
    c                                        0x200000f0   Data           1  initialization.o(.data)
    connect_flag                             0x200000f1   Data           1  initialization.o(.data)
    saved_mode                               0x200000f2   Data          30  initialization.o(.data)
    saved_status                             0x20000110   Data          20  initialization.o(.data)
    temp                                     0x20000124   Data           1  initialization.o(.data)
    humi                                     0x20000125   Data           1  initialization.o(.data)
    key_num                                  0x20000126   Data           1  initialization.o(.data)
    keyTaskID                                0x20000127   Data           1  initialization.o(.data)
    dataTaskID                               0x20000128   Data           1  initialization.o(.data)
    alarmTaskID                              0x20000129   Data           1  initialization.o(.data)
    showTaskID                               0x2000012a   Data           1  initialization.o(.data)
    IWDG_ID                                  0x2000012b   Data           1  initialization.o(.data)
    wifiID                                   0x2000012c   Data           1  initialization.o(.data)
    uploadID                                 0x2000012d   Data           1  initialization.o(.data)
    testTaskID                               0x2000012e   Data           1  initialization.o(.data)
    TempHuimID                               0x2000012f   Data           1  initialization.o(.data)
    wifi                                     0x20000148   Data        1028  esp8266.o(.bss)
    Str                                      0x2000054c   Data          30  esp8266.o(.bss)
    UART_RxPacket                            0x2000056a   Data         128  esp8266.o(.bss)
    HTTPIP                                   0x200005ea   Data          14  esp8266.o(.bss)
    OLED_DisplayBuf                          0x200005f8   Data        1024  oled.o(.bss)
    Serial_RxPacket                          0x200009f8   Data         100  serial.o(.bss)
    tasks                                    0x20000a5c   Data         280  task.o(.bss)
    data                                     0x20000b74   Data          68  initialization.o(.bss)
    buff                                     0x20000bb8   Data         512  initialization.o(.bss)
    __initial_sp                             0x200012e8   Data           0  startup_stm32f10x_md.o(STACK)



==============================================================================

Memory Map of the image

  Image Entry point : 0x080000ed

  Load Region LR_IROM1 (Base: 0x08000000, Size: 0x00007b98, Max: 0x00010000, ABSOLUTE, COMPRESSED[0x00007ac4])

    Execution Region ER_IROM1 (Exec base: 0x08000000, Load base: 0x08000000, Size: 0x00007a50, Max: 0x00010000, ABSOLUTE)

    Exec Addr    Load Addr    Size         Type   Attr      Idx    E Section Name        Object

    0x08000000   0x08000000   0x000000ec   Data   RO            3    RESET               startup_stm32f10x_md.o
    0x080000ec   0x080000ec   0x00000000   Code   RO         4783  * .ARM.Collect$$$$00000000  mc_w.l(entry.o)
    0x080000ec   0x080000ec   0x00000004   Code   RO         5137    .ARM.Collect$$$$00000001  mc_w.l(entry2.o)
    0x080000f0   0x080000f0   0x00000004   Code   RO         5140    .ARM.Collect$$$$00000004  mc_w.l(entry5.o)
    0x080000f4   0x080000f4   0x00000000   Code   RO         5142    .ARM.Collect$$$$00000008  mc_w.l(entry7b.o)
    0x080000f4   0x080000f4   0x00000000   Code   RO         5144    .ARM.Collect$$$$0000000A  mc_w.l(entry8b.o)
    0x080000f4   0x080000f4   0x00000008   Code   RO         5145    .ARM.Collect$$$$0000000B  mc_w.l(entry9a.o)
    0x080000fc   0x080000fc   0x00000000   Code   RO         5147    .ARM.Collect$$$$0000000D  mc_w.l(entry10a.o)
    0x080000fc   0x080000fc   0x00000000   Code   RO         5149    .ARM.Collect$$$$0000000F  mc_w.l(entry11a.o)
    0x080000fc   0x080000fc   0x00000004   Code   RO         5138    .ARM.Collect$$$$00002712  mc_w.l(entry2.o)
    0x08000100   0x08000100   0x00000024   Code   RO            4    .text               startup_stm32f10x_md.o
    0x08000124   0x08000124   0x000000a8   Code   RO         4790    .text               mc_w.l(mktime.o)
    0x080001cc   0x080001cc   0x00000024   Code   RO         4793    .text               mc_w.l(memcpya.o)
    0x080001f0   0x080001f0   0x00000024   Code   RO         4795    .text               mc_w.l(memseta.o)
    0x08000214   0x08000214   0x00000024   Code   RO         4797    .text               mc_w.l(strstr.o)
    0x08000238   0x08000238   0x00000018   Code   RO         4799    .text               mc_w.l(strncpy.o)
    0x08000250   0x08000250   0x0000000e   Code   RO         4801    .text               mc_w.l(strlen.o)
    0x0800025e   0x0800025e   0x0000001c   Code   RO         4803    .text               mc_w.l(strcmp.o)
    0x0800027a   0x0800027a   0x00000020   Code   RO         4805    .text               mc_w.l(strpbrk.o)
    0x0800029a   0x0800029a   0x0000001a   Code   RO         5070    .text               mc_w.l(atoi.o)
    0x080002b4   0x080002b4   0x000000b0   Code   RO         5072    .text               mf_w.l(fadd.o)
    0x08000364   0x08000364   0x00000064   Code   RO         5074    .text               mf_w.l(fmul.o)
    0x080003c8   0x080003c8   0x0000007c   Code   RO         5076    .text               mf_w.l(fdiv.o)
    0x08000444   0x08000444   0x0000014e   Code   RO         5078    .text               mf_w.l(dadd.o)
    0x08000592   0x08000592   0x000000e4   Code   RO         5080    .text               mf_w.l(dmul.o)
    0x08000676   0x08000676   0x000000de   Code   RO         5082    .text               mf_w.l(ddiv.o)
    0x08000754   0x08000754   0x00000012   Code   RO         5084    .text               mf_w.l(fflti.o)
    0x08000766   0x08000766   0x0000000a   Code   RO         5086    .text               mf_w.l(ffltui.o)
    0x08000770   0x08000770   0x00000022   Code   RO         5088    .text               mf_w.l(dflti.o)
    0x08000792   0x08000792   0x0000001a   Code   RO         5090    .text               mf_w.l(dfltui.o)
    0x080007ac   0x080007ac   0x00000032   Code   RO         5092    .text               mf_w.l(ffixi.o)
    0x080007de   0x080007de   0x00000028   Code   RO         5094    .text               mf_w.l(ffixui.o)
    0x08000806   0x08000806   0x00000032   Code   RO         5098    .text               mf_w.l(dfixui.o)
    0x08000838   0x08000838   0x00000026   Code   RO         5100    .text               mf_w.l(f2d.o)
    0x0800085e   0x0800085e   0x00000002   PAD
    0x08000860   0x08000860   0x00000030   Code   RO         5102    .text               mf_w.l(cdcmple.o)
    0x08000890   0x08000890   0x00000030   Code   RO         5104    .text               mf_w.l(cdrcmple.o)
    0x080008c0   0x080008c0   0x00000038   Code   RO         5106    .text               mf_w.l(d2f.o)
    0x080008f8   0x080008f8   0x00000014   Code   RO         5108    .text               mf_w.l(cfcmple.o)
    0x0800090c   0x0800090c   0x00000014   Code   RO         5110    .text               mf_w.l(cfrcmple.o)
    0x08000920   0x08000920   0x0000002c   Code   RO         5152    .text               mc_w.l(uidiv.o)
    0x0800094c   0x0800094c   0x00000062   Code   RO         5154    .text               mc_w.l(uldiv.o)
    0x080009ae   0x080009ae   0x0000001e   Code   RO         5156    .text               mc_w.l(llshl.o)
    0x080009cc   0x080009cc   0x00000020   Code   RO         5158    .text               mc_w.l(llushr.o)
    0x080009ec   0x080009ec   0x00000024   Code   RO         5160    .text               mc_w.l(llsshr.o)
    0x08000a10   0x08000a10   0x0000000c   Code   RO         5162    .text               mc_w.l(localtime_w.o)
    0x08000a1c   0x08000a1c   0x0000008c   Code   RO         5165    .text               mc_w.l(localtime_i.o)
    0x08000aa8   0x08000aa8   0x0000009c   Code   RO         5175    .text               mc_w.l(strtod.o)
    0x08000b44   0x08000b44   0x00000070   Code   RO         5177    .text               mc_w.l(strtol.o)
    0x08000bb4   0x08000bb4   0x00000000   Code   RO         5179    .text               mc_w.l(iusefp.o)
    0x08000bb4   0x08000bb4   0x0000006e   Code   RO         5180    .text               mf_w.l(fepilogue.o)
    0x08000c22   0x08000c22   0x000000ba   Code   RO         5182    .text               mf_w.l(depilogue.o)
    0x08000cdc   0x08000cdc   0x00000030   Code   RO         5184    .text               mf_w.l(dfixul.o)
    0x08000d0c   0x08000d0c   0x00000024   Code   RO         5190    .text               mc_w.l(init.o)
    0x08000d30   0x08000d30   0x00000008   Code   RO         5194    .text               mc_w.l(ctype_o.o)
    0x08000d38   0x08000d38   0x00000012   Code   RO         5216    .text               mc_w.l(isspace_o.o)
    0x08000d4a   0x08000d4a   0x00000002   PAD
    0x08000d4c   0x08000d4c   0x00000360   Code   RO         5222    .text               mc_w.l(scanf_fp.o)
    0x080010ac   0x080010ac   0x00000040   Code   RO         5226    .text               mc_w.l(_sgetc.o)
    0x080010ec   0x080010ec   0x0000009e   Code   RO         5228    .text               mc_w.l(_strtoul.o)
    0x0800118a   0x0800118a   0x0000001c   Code   RO         5235    .text               mc_w.l(_chval.o)
    0x080011a6   0x080011a6   0x00000018   Code   RO         5237    .text               mf_w.l(dfltul.o)
    0x080011be   0x080011be   0x00000056   Code   RO         5247    .text               mc_w.l(__dczerorl2.o)
    0x08001214   0x08001214   0x00000016   Code   RO          202    i.ADC_Cmd           stm32f10x_adc.o
    0x0800122a   0x0800122a   0x00000014   Code   RO          210    i.ADC_GetCalibrationStatus  stm32f10x_adc.o
    0x0800123e   0x0800123e   0x00000008   Code   RO          211    i.ADC_GetConversionValue  stm32f10x_adc.o
    0x08001246   0x08001246   0x00000012   Code   RO          213    i.ADC_GetFlagStatus  stm32f10x_adc.o
    0x08001258   0x08001258   0x00000014   Code   RO          216    i.ADC_GetResetCalibrationStatus  stm32f10x_adc.o
    0x0800126c   0x0800126c   0x00000050   Code   RO          220    i.ADC_Init          stm32f10x_adc.o
    0x080012bc   0x080012bc   0x000000b8   Code   RO          224    i.ADC_RegularChannelConfig  stm32f10x_adc.o
    0x08001374   0x08001374   0x0000000a   Code   RO          225    i.ADC_ResetCalibration  stm32f10x_adc.o
    0x0800137e   0x0800137e   0x00000016   Code   RO          227    i.ADC_SoftwareStartConvCmd  stm32f10x_adc.o
    0x08001394   0x08001394   0x0000000a   Code   RO          229    i.ADC_StartCalibration  stm32f10x_adc.o
    0x0800139e   0x0800139e   0x00000002   PAD
    0x080013a0   0x080013a0   0x00000034   Code   RO         4286    i.AD_GetValue       ad.o
    0x080013d4   0x080013d4   0x00000094   Code   RO         4287    i.AD_Init           ad.o
    0x08001468   0x08001468   0x000000f8   Code   RO         4580    i.Alarm             initialization.o
    0x08001560   0x08001560   0x00000074   Code   RO         4310    i.BH1750_RecvACK    bh1750.o
    0x080015d4   0x080015d4   0x00000080   Code   RO         4311    i.BH1750_RecvByte   bh1750.o
    0x08001654   0x08001654   0x00000068   Code   RO         4312    i.BH1750_SendACK    bh1750.o
    0x080016bc   0x080016bc   0x0000005c   Code   RO         4313    i.BH1750_SendByte   bh1750.o
    0x08001718   0x08001718   0x0000003c   Code   RO         4314    i.BH1750_Start      bh1750.o
    0x08001754   0x08001754   0x00000038   Code   RO         4315    i.BH1750_Stop       bh1750.o
    0x0800178c   0x0800178c   0x00000004   Code   RO         3350    i.BusFault_Handler  stm32f10x_it.o
    0x08001790   0x08001790   0x00000034   Code   RO         4152    i.Buzzer_Init       buzzer.o
    0x080017c4   0x080017c4   0x00000010   Code   RO         4153    i.Buzzer_OFF        buzzer.o
    0x080017d4   0x080017d4   0x00000010   Code   RO         4154    i.Buzzer_ON         buzzer.o
    0x080017e4   0x080017e4   0x00000048   Code   RO         3669    i.Check_the_network  esp8266.o
    0x0800182c   0x0800182c   0x00000020   Code   RO         3670    i.Clear_BuffData    esp8266.o
    0x0800184c   0x0800184c   0x00000198   Code   RO         3671    i.Connect_tothe_cloud  esp8266.o
    0x080019e4   0x080019e4   0x00000060   Code   RO         4098    i.DHT11_Check       dht11.o
    0x08001a44   0x08001a44   0x00000040   Code   RO         4099    i.DHT11_Init        dht11.o
    0x08001a84   0x08001a84   0x00000038   Code   RO         4100    i.DHT11_Mode        dht11.o
    0x08001abc   0x08001abc   0x00000064   Code   RO         4101    i.DHT11_Read_Bit    dht11.o
    0x08001b20   0x08001b20   0x0000001e   Code   RO         4102    i.DHT11_Read_Byte   dht11.o
    0x08001b3e   0x08001b3e   0x00000058   Code   RO         4103    i.DHT11_Read_Data   dht11.o
    0x08001b96   0x08001b96   0x00000002   PAD
    0x08001b98   0x08001b98   0x00000034   Code   RO         4104    i.DHT11_Rst         dht11.o
    0x08001bcc   0x08001bcc   0x00000424   Code   RO         3672    i.DataAnylize       esp8266.o
    0x08001ff0   0x08001ff0   0x00000044   Code   RO         4581    i.Data_Init         initialization.o
    0x08002034   0x08002034   0x00000002   Code   RO         3351    i.DebugMon_Handler  stm32f10x_it.o
    0x08002036   0x08002036   0x00000002   PAD
    0x08002038   0x08002038   0x00000060   Code   RO         4449    i.Delay_Init        delay.o
    0x08002098   0x08002098   0x00000024   Code   RO         4450    i.Delay_ms          delay.o
    0x080020bc   0x080020bc   0x000000aa   Code   RO         4451    i.Delay_us          delay.o
    0x08002166   0x08002166   0x00000002   PAD
    0x08002168   0x08002168   0x00000100   Code   RO         3673    i.ESP8266_Config    esp8266.o
    0x08002268   0x08002268   0x000000d8   Code   RO         3674    i.Extract_WiFi_Info  esp8266.o
    0x08002340   0x08002340   0x00000030   Code   RO         4402    i.Feng_Get_AD_Average  feng.o
    0x08002370   0x08002370   0x00000094   Code   RO         4403    i.Feng_Init         feng.o
    0x08002404   0x08002404   0x00000116   Code   RO         1347    i.GPIO_Init         stm32f10x_gpio.o
    0x0800251a   0x0800251a   0x00000002   PAD
    0x0800251c   0x0800251c   0x00000090   Code   RO         1349    i.GPIO_PinRemapConfig  stm32f10x_gpio.o
    0x080025ac   0x080025ac   0x00000012   Code   RO         1351    i.GPIO_ReadInputDataBit  stm32f10x_gpio.o
    0x080025be   0x080025be   0x00000004   Code   RO         1354    i.GPIO_ResetBits    stm32f10x_gpio.o
    0x080025c2   0x080025c2   0x00000004   Code   RO         1355    i.GPIO_SetBits      stm32f10x_gpio.o
    0x080025c6   0x080025c6   0x0000000a   Code   RO         1358    i.GPIO_WriteBit     stm32f10x_gpio.o
    0x080025d0   0x080025d0   0x00000002   Code   RO         4582    i.GetData           initialization.o
    0x080025d2   0x080025d2   0x00000030   Code   RO         4288    i.Get_AD_Average    ad.o
    0x08002602   0x08002602   0x00000002   PAD
    0x08002604   0x08002604   0x00000058   Code   RO         4404    i.Get_FengSpeed     feng.o
    0x0800265c   0x0800265c   0x0000003c   Code   RO         3627    i.Get_Key_1         key.o
    0x08002698   0x08002698   0x00000038   Code   RO         3628    i.Get_Key_2         key.o
    0x080026d0   0x080026d0   0x00000038   Code   RO         3629    i.Get_Key_3         key.o
    0x08002708   0x08002708   0x00000038   Code   RO         3630    i.Get_Key_4         key.o
    0x08002740   0x08002740   0x00000032   Code   RO         4386    i.Get_SoilHumi      soil.o
    0x08002772   0x08002772   0x00000004   Code   RO         3352    i.HardFault_Handler  stm32f10x_it.o
    0x08002776   0x08002776   0x00000002   PAD
    0x08002778   0x08002778   0x0000013c   Code   RO         3413    i.Humidity_Low_set  menu.o
    0x080028b4   0x080028b4   0x000001cc   Code   RO         3414    i.Humidity_Threshold  menu.o
    0x08002a80   0x08002a80   0x0000013c   Code   RO         3415    i.Humidity_Up_set   menu.o
    0x08002bbc   0x08002bbc   0x0000001c   Code   RO         4583    i.IWDGADD           initialization.o
    0x08002bd8   0x08002bd8   0x00000010   Code   RO         1690    i.IWDG_ReloadCounter  stm32f10x_iwdg.o
    0x08002be8   0x08002be8   0x00000038   Code   RO         4316    i.Init_BH1750       bh1750.o
    0x08002c20   0x08002c20   0x00000070   Code   RO         4584    i.Initialization    initialization.o
    0x08002c90   0x08002c90   0x00000070   Code   RO         4585    i.Key_Init          initialization.o
    0x08002d00   0x08002d00   0x00000030   Code   RO         4586    i.LED_Config        initialization.o
    0x08002d30   0x08002d30   0x00000010   Code   RO         3571    i.LED_OFF           led.o
    0x08002d40   0x08002d40   0x000001a0   Code   RO         3416    i.Light_Low_set     menu.o
    0x08002ee0   0x08002ee0   0x000001b8   Code   RO         3417    i.Light_Threshold   menu.o
    0x08003098   0x08003098   0x0000019c   Code   RO         3418    i.Light_Up_set      menu.o
    0x08003234   0x08003234   0x00000040   Code   RO         3419    i.Manual_Mode       menu.o
    0x08003274   0x08003274   0x00000004   Code   RO         3353    i.MemManage_Handler  stm32f10x_it.o
    0x08003278   0x08003278   0x0000001c   Code   RO         4587    i.Menu_key_set      initialization.o
    0x08003294   0x08003294   0x00000050   Code   RO         3808    i.MyRTC_Init        myrtc.o
    0x080032e4   0x080032e4   0x00000048   Code   RO         3809    i.MyRTC_ReadTime    myrtc.o
    0x0800332c   0x0800332c   0x0000004c   Code   RO         3810    i.MyRTC_SetTime     myrtc.o
    0x08003378   0x08003378   0x00000002   Code   RO         3354    i.NMI_Handler       stm32f10x_it.o
    0x0800337a   0x0800337a   0x00000002   PAD
    0x0800337c   0x0800337c   0x00000070   Code   RO          137    i.NVIC_Init         misc.o
    0x080033ec   0x080033ec   0x00000014   Code   RO          138    i.NVIC_PriorityGroupConfig  misc.o
    0x08003400   0x08003400   0x00000028   Code   RO         3838    i.OLED_Clear        oled.o
    0x08003428   0x08003428   0x000000a8   Code   RO         3839    i.OLED_ClearArea    oled.o
    0x080034d0   0x080034d0   0x00000176   Code   RO         3843    i.OLED_DrawLine     oled.o
    0x08003646   0x08003646   0x00000002   PAD
    0x08003648   0x08003648   0x00000050   Code   RO         3844    i.OLED_DrawPoint    oled.o
    0x08003698   0x08003698   0x00000060   Code   RO         3847    i.OLED_GPIO_Init    oled.o
    0x080036f8   0x080036f8   0x0000003e   Code   RO         3849    i.OLED_I2C_SendByte  oled.o
    0x08003736   0x08003736   0x0000001c   Code   RO         3850    i.OLED_I2C_Start    oled.o
    0x08003752   0x08003752   0x00000016   Code   RO         3851    i.OLED_I2C_Stop     oled.o
    0x08003768   0x08003768   0x00000092   Code   RO         3852    i.OLED_Init         oled.o
    0x080037fa   0x080037fa   0x00000014   Code   RO         3854    i.OLED_Pow          oled.o
    0x0800380e   0x0800380e   0x00000002   PAD
    0x08003810   0x08003810   0x000000a8   Code   RO         3857    i.OLED_ReverseArea  oled.o
    0x080038b8   0x080038b8   0x00000022   Code   RO         3858    i.OLED_SetCursor    oled.o
    0x080038da   0x080038da   0x00000002   PAD
    0x080038dc   0x080038dc   0x00000054   Code   RO         3860    i.OLED_ShowChar     oled.o
    0x08003930   0x08003930   0x0000014e   Code   RO         3862    i.OLED_ShowFloatNum  oled.o
    0x08003a7e   0x08003a7e   0x00000002   PAD
    0x08003a80   0x08003a80   0x0000012c   Code   RO         3864    i.OLED_ShowImage    oled.o
    0x08003bac   0x08003bac   0x0000004c   Code   RO         3865    i.OLED_ShowNum      oled.o
    0x08003bf8   0x08003bf8   0x0000002e   Code   RO         3867    i.OLED_ShowString   oled.o
    0x08003c26   0x08003c26   0x00000002   PAD
    0x08003c28   0x08003c28   0x00000028   Code   RO         3868    i.OLED_Update       oled.o
    0x08003c50   0x08003c50   0x00000018   Code   RO         3870    i.OLED_W_SCL        oled.o
    0x08003c68   0x08003c68   0x00000018   Code   RO         3871    i.OLED_W_SDA        oled.o
    0x08003c80   0x08003c80   0x00000020   Code   RO         3872    i.OLED_WriteCommand  oled.o
    0x08003ca0   0x08003ca0   0x0000002e   Code   RO         3873    i.OLED_WriteData    oled.o
    0x08003cce   0x08003cce   0x00000002   PAD
    0x08003cd0   0x08003cd0   0x0000000c   Code   RO         1733    i.PWR_BackupAccessCmd  stm32f10x_pwr.o
    0x08003cdc   0x08003cdc   0x00000002   Code   RO         3355    i.PendSV_Handler    stm32f10x_it.o
    0x08003cde   0x08003cde   0x00000002   PAD
    0x08003ce0   0x08003ce0   0x00000148   Code   RO         4588    i.Process_Cloud_Control  initialization.o
    0x08003e28   0x08003e28   0x00000018   Code   RO         1796    i.RCC_ADCCLKConfig  stm32f10x_rcc.o
    0x08003e40   0x08003e40   0x00000020   Code   RO         1798    i.RCC_APB1PeriphClockCmd  stm32f10x_rcc.o
    0x08003e60   0x08003e60   0x00000020   Code   RO         1800    i.RCC_APB2PeriphClockCmd  stm32f10x_rcc.o
    0x08003e80   0x08003e80   0x000000d4   Code   RO         1808    i.RCC_GetClocksFreq  stm32f10x_rcc.o
    0x08003f54   0x08003f54   0x0000003c   Code   RO         1809    i.RCC_GetFlagStatus  stm32f10x_rcc.o
    0x08003f90   0x08003f90   0x0000000c   Code   RO         1817    i.RCC_LSICmd        stm32f10x_rcc.o
    0x08003f9c   0x08003f9c   0x0000000c   Code   RO         1823    i.RCC_RTCCLKCmd     stm32f10x_rcc.o
    0x08003fa8   0x08003fa8   0x00000010   Code   RO         1824    i.RCC_RTCCLKConfig  stm32f10x_rcc.o
    0x08003fb8   0x08003fb8   0x00000014   Code   RO         2001    i.RTC_EnterConfigMode  stm32f10x_rtc.o
    0x08003fcc   0x08003fcc   0x00000014   Code   RO         2002    i.RTC_ExitConfigMode  stm32f10x_rtc.o
    0x08003fe0   0x08003fe0   0x00000014   Code   RO         2003    i.RTC_GetCounter    stm32f10x_rtc.o
    0x08003ff4   0x08003ff4   0x0000001c   Code   RO         2009    i.RTC_SetCounter    stm32f10x_rtc.o
    0x08004010   0x08004010   0x00000020   Code   RO         2010    i.RTC_SetPrescaler  stm32f10x_rtc.o
    0x08004030   0x08004030   0x00000014   Code   RO         2011    i.RTC_WaitForLastTask  stm32f10x_rtc.o
    0x08004044   0x08004044   0x00000024   Code   RO         2012    i.RTC_WaitForSynchro  stm32f10x_rtc.o
    0x08004068   0x08004068   0x00000002   Code   RO         3356    i.SVC_Handler       stm32f10x_it.o
    0x0800406a   0x0800406a   0x00000002   PAD
    0x0800406c   0x0800406c   0x000000b8   Code   RO         4218    i.Serial_Init       serial.o
    0x08004124   0x08004124   0x00000014   Code   RO         4219    i.Serial_Pow        serial.o
    0x08004138   0x08004138   0x00000020   Code   RO         4222    i.Serial_SendByte   serial.o
    0x08004158   0x08004158   0x0000003a   Code   RO         4223    i.Serial_SendNumber  serial.o
    0x08004192   0x08004192   0x0000001a   Code   RO         4224    i.Serial_SendString  serial.o
    0x080041ac   0x080041ac   0x00000008   Code   RO           24    i.SetSysClock       system_stm32f10x.o
    0x080041b4   0x080041b4   0x000000e0   Code   RO           25    i.SetSysClockTo72   system_stm32f10x.o
    0x08004294   0x08004294   0x000000b0   Code   RO         4589    i.SimpleDrawTempCurve  initialization.o
    0x08004344   0x08004344   0x0000001a   Code   RO         4317    i.Single_Write_BH1750  bh1750.o
    0x0800435e   0x0800435e   0x00000002   PAD
    0x08004360   0x08004360   0x00000198   Code   RO         3420    i.Soil_Low_set      menu.o
    0x080044f8   0x080044f8   0x000001b0   Code   RO         3421    i.Soil_Threshold    menu.o
    0x080046a8   0x080046a8   0x00000194   Code   RO         3422    i.Soil_Up_set       menu.o
    0x0800483c   0x0800483c   0x00000008   Code   RO         4452    i.SysTick_Handler   delay.o
    0x08004844   0x08004844   0x00000060   Code   RO           27    i.SystemInit        system_stm32f10x.o
    0x080048a4   0x080048a4   0x00000078   Code   RO         4509    i.Task_Add          task.o
    0x0800491c   0x0800491c   0x0000002c   Code   RO         4512    i.Task_Init         task.o
    0x08004948   0x08004948   0x00000148   Code   RO         4590    i.Task_Initialization  initialization.o
    0x08004a90   0x08004a90   0x000000e0   Code   RO         4515    i.Task_RunScheduler  task.o
    0x08004b70   0x08004b70   0x000000b0   Code   RO         4517    i.Task_UpdateTick   task.o
    0x08004c20   0x08004c20   0x000001d8   Code   RO         3423    i.Temperature_Low_set  menu.o
    0x08004df8   0x08004df8   0x000001c0   Code   RO         3424    i.Temperature_Threshold  menu.o
    0x08004fb8   0x08004fb8   0x000001d8   Code   RO         3425    i.Temperature_Up_set  menu.o
    0x08005190   0x08005190   0x000001a4   Code   RO         4591    i.Test_ESP8266      initialization.o
    0x08005334   0x08005334   0x000000a0   Code   RO         4225    i.USART1_IRQHandler  serial.o
    0x080053d4   0x080053d4   0x00000080   Code   RO         3675    i.USART2_IRQHandler  esp8266.o
    0x08005454   0x08005454   0x00000020   Code   RO         3677    i.USART2_SendByte   esp8266.o
    0x08005474   0x08005474   0x0000001e   Code   RO         2980    i.USART_ClearITPendingBit  stm32f10x_usart.o
    0x08005492   0x08005492   0x00000018   Code   RO         2983    i.USART_Cmd         stm32f10x_usart.o
    0x080054aa   0x080054aa   0x0000001a   Code   RO         2986    i.USART_GetFlagStatus  stm32f10x_usart.o
    0x080054c4   0x080054c4   0x00000054   Code   RO         2987    i.USART_GetITStatus  stm32f10x_usart.o
    0x08005518   0x08005518   0x0000004a   Code   RO         2989    i.USART_ITConfig    stm32f10x_usart.o
    0x08005562   0x08005562   0x00000002   PAD
    0x08005564   0x08005564   0x000000d8   Code   RO         2990    i.USART_Init        stm32f10x_usart.o
    0x0800563c   0x0800563c   0x0000000a   Code   RO         2997    i.USART_ReceiveData  stm32f10x_usart.o
    0x08005646   0x08005646   0x00000008   Code   RO         3000    i.USART_SendData    stm32f10x_usart.o
    0x0800564e   0x0800564e   0x00000002   PAD
    0x08005650   0x08005650   0x0000015c   Code   RO         4592    i.Update_TempHuim_Display  initialization.o
    0x080057ac   0x080057ac   0x00000004   Code   RO         3357    i.UsageFault_Handler  stm32f10x_it.o
    0x080057b0   0x080057b0   0x00000040   Code   RO         3680    i.WIFI_GET_TIME     esp8266.o
    0x080057f0   0x080057f0   0x00000044   Code   RO         4593    i.WIFI_Init         initialization.o
    0x08005834   0x08005834   0x00000016   Code   RO         3681    i.WifiSendStr       esp8266.o
    0x0800584a   0x0800584a   0x00000002   PAD
    0x0800584c   0x0800584c   0x00000030   Code   RO         5043    i.__0snprintf       mc_w.l(printfa.o)
    0x0800587c   0x0800587c   0x00000028   Code   RO         5044    i.__0sprintf        mc_w.l(printfa.o)
    0x080058a4   0x080058a4   0x00000008   Code   RO         5168    i.__aeabi_errno_addr  mc_w.l(errno.o)
    0x080058ac   0x080058ac   0x0000000c   Code   RO         5169    i.__read_errno      mc_w.l(errno.o)
    0x080058b8   0x080058b8   0x0000000e   Code   RO         5241    i.__scatterload_copy  mc_w.l(handlers.o)
    0x080058c6   0x080058c6   0x00000002   Code   RO         5242    i.__scatterload_null  mc_w.l(handlers.o)
    0x080058c8   0x080058c8   0x0000000e   Code   RO         5243    i.__scatterload_zeroinit  mc_w.l(handlers.o)
    0x080058d6   0x080058d6   0x00000002   PAD
    0x080058d8   0x080058d8   0x0000000c   Code   RO         5170    i.__set_errno       mc_w.l(errno.o)
    0x080058e4   0x080058e4   0x00000184   Code   RO         5049    i._fp_digits        mc_w.l(printfa.o)
    0x08005a68   0x08005a68   0x0000000e   Code   RO         5224    i._is_digit         mc_w.l(scanf_fp.o)
    0x08005a76   0x08005a76   0x00000002   PAD
    0x08005a78   0x08005a78   0x000006dc   Code   RO         5050    i._printf_core      mc_w.l(printfa.o)
    0x08006154   0x08006154   0x00000024   Code   RO         5051    i._printf_post_padding  mc_w.l(printfa.o)
    0x08006178   0x08006178   0x0000002e   Code   RO         5052    i._printf_pre_padding  mc_w.l(printfa.o)
    0x080061a6   0x080061a6   0x00000016   Code   RO         5053    i._snputc           mc_w.l(printfa.o)
    0x080061bc   0x080061bc   0x0000000a   Code   RO         5054    i._sputc            mc_w.l(printfa.o)
    0x080061c6   0x080061c6   0x0000002a   Code   RO         4780    i.atof              m_ws.l(atof.o)
    0x080061f0   0x080061f0   0x00000016   Code   RO         3683    i.charToDigit       esp8266.o
    0x08006206   0x08006206   0x00000002   PAD
    0x08006208   0x08006208   0x000001e0   Code   RO         3220    i.main              main.o
    0x080063e8   0x080063e8   0x0000019c   Code   RO         3427    i.menu2             menu.o
    0x08006584   0x08006584   0x00000044   Code   RO         4318    i.mread             bh1750.o
    0x080065c8   0x080065c8   0x0000001e   Code   RO         3684    i.parse2Digit       esp8266.o
    0x080065e6   0x080065e6   0x0000003e   Code   RO         3685    i.parse4Digit       esp8266.o
    0x08006624   0x08006624   0x00000094   Code   RO         4319    i.read_BH1750       bh1750.o
    0x080066b8   0x080066b8   0x00000034   Code   RO         4188    i.relay_Init        relay.o
    0x080066ec   0x080066ec   0x00000010   Code   RO         4189    i.relay_OFF         relay.o
    0x080066fc   0x080066fc   0x00000010   Code   RO         4190    i.relay_ON          relay.o
    0x0800670c   0x0800670c   0x00000224   Code   RO         4594    i.upload_data       initialization.o
    0x08006930   0x08006930   0x0000001c   Data   RO         3428    .constdata          menu.o
    0x0800694c   0x0800694c   0x00000eaa   Data   RO         4086    .constdata          oled_data.o
    0x080077f6   0x080077f6   0x0000000c   Data   RO         4791    .constdata          mc_w.l(mktime.o)
    0x08007802   0x08007802   0x0000000c   Data   RO         5166    .constdata          mc_w.l(localtime_i.o)
    0x0800780e   0x0800780e   0x00000081   Data   RO         5195    .constdata          mc_w.l(ctype_o.o)
    0x0800788f   0x0800788f   0x00000001   PAD
    0x08007890   0x08007890   0x00000004   Data   RO         5196    .constdata          mc_w.l(ctype_o.o)
    0x08007894   0x08007894   0x00000047   Data   RO         3221    .conststring        main.o
    0x080078db   0x080078db   0x00000001   PAD
    0x080078dc   0x080078dc   0x00000066   Data   RO         3429    .conststring        menu.o
    0x08007942   0x08007942   0x00000002   PAD
    0x08007944   0x08007944   0x0000002e   Data   RO         3687    .conststring        esp8266.o
    0x08007972   0x08007972   0x00000002   PAD
    0x08007974   0x08007974   0x000000ba   Data   RO         4596    .conststring        initialization.o
    0x08007a2e   0x08007a2e   0x00000002   PAD
    0x08007a30   0x08007a30   0x00000020   Data   RO         5239    Region$$Table       anon$$obj.o


    Execution Region RW_IRAM1 (Exec base: 0x20000000, Load base: 0x08007a50, Size: 0x000012e8, Max: 0x00005000, ABSOLUTE, COMPRESSED[0x00000074])

    Exec Addr    Load Addr    Size         Type   Attr      Idx    E Section Name        Object

    0x20000000   COMPRESSED   0x00000014   Data   RW         1828    .data               stm32f10x_rcc.o
    0x20000014   COMPRESSED   0x0000000e   Data   RW         3222    .data               main.o
    0x20000022   COMPRESSED   0x00000002   PAD
    0x20000024   COMPRESSED   0x00000018   Data   RW         3430    .data               menu.o
    0x2000003c   COMPRESSED   0x00000090   Data   RW         3688    .data               esp8266.o
    0x200000cc   COMPRESSED   0x0000000c   Data   RW         3811    .data               myrtc.o
    0x200000d8   COMPRESSED   0x00000003   Data   RW         4228    .data               serial.o
    0x200000db   COMPRESSED   0x00000001   PAD
    0x200000dc   COMPRESSED   0x0000000c   Data   RW         4320    .data               bh1750.o
    0x200000e8   COMPRESSED   0x00000008   Data   RW         4519    .data               task.o
    0x200000f0   COMPRESSED   0x00000054   Data   RW         4597    .data               initialization.o
    0x20000144   COMPRESSED   0x00000004   Data   RW         5171    .data               mc_w.l(errno.o)
    0x20000148        -       0x000004b0   Zero   RW         3686    .bss                esp8266.o
    0x200005f8        -       0x00000400   Zero   RW         3875    .bss                oled.o
    0x200009f8        -       0x00000064   Zero   RW         4227    .bss                serial.o
    0x20000a5c        -       0x00000118   Zero   RW         4518    .bss                task.o
    0x20000b74        -       0x00000344   Zero   RW         4595    .bss                initialization.o
    0x20000eb8        -       0x0000002c   Zero   RW         5163    .bss                mc_w.l(localtime_w.o)
    0x20000ee4   COMPRESSED   0x00000004   PAD
    0x20000ee8        -       0x00000400   Zero   RW            1    STACK               startup_stm32f10x_md.o


==============================================================================

Image component sizes


      Code (inc. data)   RO Data    RW Data    ZI Data      Debug   Object Name

       248         16          0          0          0       1829   ad.o
       854        102          0         12          0       6339   bh1750.o
        84         14          0          0          0       1443   buzzer.o
         0          0          0          0          0       4508   core_cm3.o
       310         18          0          0          0     220159   delay.o
       486         26          0          0          0       4453   dht11.o
      2404        556         46        144       1200      12028   esp8266.o
       284         26          0          0          0       1942   feng.o
      2862       1038        186         84        836     213601   initialization.o
       228         24          0          0          0       2092   key.o
        16          4          0          0          0        450   led.o
       480        216         71         14          0       2805   main.o
      5472        816        130         24          0      11272   menu.o
       132         22          0          0          0     213979   misc.o
       228         10          0         12          0       3187   myrtc.o
      2244         56          0          0       1024      15449   oled.o
         0          0       3754          0          0       1260   oled_data.o
        84         14          0          0          0       1420   relay.o
       480         34          0          3        100       4365   serial.o
        50          0          0          0          0        631   soil.o
        36          8        236          0       1024        824   startup_stm32f10x_md.o
       394         10          0          0          0      18749   stm32f10x_adc.o
       458          6          0          0          0     215190   stm32f10x_gpio.o
        24          0          0          0          0       3604   stm32f10x_it.o
        16          6          0          0          0        473   stm32f10x_iwdg.o
        12          6          0          0          0        510   stm32f10x_pwr.o
       400         58          0         20          0      15913   stm32f10x_rcc.o
       176         34          0          0          0       3523   stm32f10x_rtc.o
       472          6          0          0          0      12827   stm32f10x_usart.o
       328         28          0          0          0      25137   system_stm32f10x.o
       564         60          0          8        280       4465   task.o

    ----------------------------------------------------------------------
     19868       3214       4462        324       4464    1024427   Object Totals
         0          0         32          0          0          0   (incl. Generated)
        42          0          7          3          0          0   (incl. Padding)

    ----------------------------------------------------------------------

      Code (inc. data)   RO Data    RW Data    ZI Data      Debug   Library Member Name

        42          0          0          0          0         84   atof.o
        86          0          0          0          0          0   __dczerorl2.o
        28          0          0          0          0         68   _chval.o
        64          0          0          0          0         84   _sgetc.o
       158          0          0          0          0         92   _strtoul.o
        26          0          0          0          0         80   atoi.o
         8          4        133          0          0         68   ctype_o.o
         0          0          0          0          0          0   entry.o
         0          0          0          0          0          0   entry10a.o
         0          0          0          0          0          0   entry11a.o
         8          4          0          0          0          0   entry2.o
         4          0          0          0          0          0   entry5.o
         0          0          0          0          0          0   entry7b.o
         0          0          0          0          0          0   entry8b.o
         8          4          0          0          0          0   entry9a.o
        32         16          0          4          0        204   errno.o
        30          0          0          0          0          0   handlers.o
        36          8          0          0          0         68   init.o
        18          0          0          0          0         76   isspace_o.o
         0          0          0          0          0          0   iusefp.o
        30          0          0          0          0         68   llshl.o
        36          0          0          0          0         68   llsshr.o
        32          0          0          0          0         68   llushr.o
       140          6         12          0          0         76   localtime_i.o
        12          6          0          0         44         68   localtime_w.o
        36          0          0          0          0         68   memcpya.o
        36          0          0          0          0        108   memseta.o
       168         18         12          0          0         80   mktime.o
      2346         90          0          0          0        672   printfa.o
       878         12          0          0          0        216   scanf_fp.o
        28          0          0          0          0         76   strcmp.o
        14          0          0          0          0         68   strlen.o
        24          0          0          0          0         76   strncpy.o
        32          0          0          0          0         76   strpbrk.o
        36          0          0          0          0         80   strstr.o
       156         12          0          0          0        120   strtod.o
       112          0          0          0          0         88   strtol.o
        44          0          0          0          0         80   uidiv.o
        98          0          0          0          0         92   uldiv.o
        48          0          0          0          0         68   cdcmple.o
        48          0          0          0          0         68   cdrcmple.o
        20          0          0          0          0         68   cfcmple.o
        20          0          0          0          0         68   cfrcmple.o
        56          0          0          0          0         88   d2f.o
       334          0          0          0          0        148   dadd.o
       222          0          0          0          0        100   ddiv.o
       186          0          0          0          0        176   depilogue.o
        50          0          0          0          0         76   dfixui.o
        48          0          0          0          0         68   dfixul.o
        34          0          0          0          0         76   dflti.o
        26          0          0          0          0         76   dfltui.o
        24          0          0          0          0         76   dfltul.o
       228          0          0          0          0         96   dmul.o
        38          0          0          0          0         68   f2d.o
       176          0          0          0          0        140   fadd.o
       124          0          0          0          0         88   fdiv.o
       110          0          0          0          0        168   fepilogue.o
        50          0          0          0          0         68   ffixi.o
        40          0          0          0          0         68   ffixui.o
        18          0          0          0          0         68   fflti.o
        10          0          0          0          0         68   ffltui.o
       100          0          0          0          0         76   fmul.o

    ----------------------------------------------------------------------
      6824        180        158          4         48       5136   Library Totals
         8          0          1          0          4          0   (incl. Padding)

    ----------------------------------------------------------------------

      Code (inc. data)   RO Data    RW Data    ZI Data      Debug   Library Name

        42          0          0          0          0         84   m_ws.l
      4764        180        157          4         44       2988   mc_w.l
      2010          0          0          0          0       2064   mf_w.l

    ----------------------------------------------------------------------
      6824        180        158          4         48       5136   Library Totals

    ----------------------------------------------------------------------

==============================================================================


      Code (inc. data)   RO Data    RW Data    ZI Data      Debug   

     26692       3394       4620        328       4512    1018147   Grand Totals
     26692       3394       4620        116       4512    1018147   ELF Image Totals (compressed)
     26692       3394       4620        116          0          0   ROM Totals

==============================================================================

    Total RO  Size (Code + RO Data)                31312 (  30.58kB)
    Total RW  Size (RW Data + ZI Data)              4840 (   4.73kB)
    Total ROM Size (Code + RO Data + RW Data)      31428 (  30.69kB)

==============================================================================

